Archive member included to satisfy reference by file (symbol)

d:/simplicity studio 5/developer/toolchains/gnu_arm/10.3_2021.10/bin/../lib/gcc/arm-none-eabi/10.3.1/thumb/v8-m.main+fp/hard\libgcc.a(_arm_muldf3.o)
                              ./gecko_sdk_4.3.0/util/third_party/printf/printf.o (__aeabi_dmul)
d:/simplicity studio 5/developer/toolchains/gnu_arm/10.3_2021.10/bin/../lib/gcc/arm-none-eabi/10.3.1/thumb/v8-m.main+fp/hard\libgcc.a(_arm_addsubdf3.o)
                              ./gecko_sdk_4.3.0/util/third_party/printf/printf.o (__aeabi_dsub)
d:/simplicity studio 5/developer/toolchains/gnu_arm/10.3_2021.10/bin/../lib/gcc/arm-none-eabi/10.3.1/thumb/v8-m.main+fp/hard\libgcc.a(_arm_muldivdf3.o)
                              ./gecko_sdk_4.3.0/util/third_party/printf/printf.o (__aeabi_ddiv)
d:/simplicity studio 5/developer/toolchains/gnu_arm/10.3_2021.10/bin/../lib/gcc/arm-none-eabi/10.3.1/thumb/v8-m.main+fp/hard\libgcc.a(_arm_cmpdf2.o)
                              ./gecko_sdk_4.3.0/util/third_party/printf/printf.o (__aeabi_dcmpeq)
d:/simplicity studio 5/developer/toolchains/gnu_arm/10.3_2021.10/bin/../lib/gcc/arm-none-eabi/10.3.1/thumb/v8-m.main+fp/hard\libgcc.a(_arm_fixdfsi.o)
                              ./gecko_sdk_4.3.0/util/third_party/printf/printf.o (__aeabi_d2iz)
d:/simplicity studio 5/developer/toolchains/gnu_arm/10.3_2021.10/bin/../lib/gcc/arm-none-eabi/10.3.1/thumb/v8-m.main+fp/hard\libgcc.a(_arm_fixunsdfsi.o)
                              ./gecko_sdk_4.3.0/util/third_party/printf/printf.o (__aeabi_d2uiz)
d:/simplicity studio 5/developer/toolchains/gnu_arm/10.3_2021.10/bin/../lib/gcc/arm-none-eabi/10.3.1/thumb/v8-m.main+fp/hard\libgcc.a(_aeabi_ldivmod.o)
                              ./gecko_sdk_4.3.0/platform/service/sleeptimer/src/sl_sleeptimer.o (__aeabi_ldivmod)
d:/simplicity studio 5/developer/toolchains/gnu_arm/10.3_2021.10/bin/../lib/gcc/arm-none-eabi/10.3.1/thumb/v8-m.main+fp/hard\libgcc.a(_aeabi_uldivmod.o)
                              ./gecko_sdk_4.3.0/app/common/util/app_log/app_log.o (__aeabi_uldivmod)
d:/simplicity studio 5/developer/toolchains/gnu_arm/10.3_2021.10/bin/../lib/gcc/arm-none-eabi/10.3.1/thumb/v8-m.main+fp/hard\libgcc.a(_udivmoddi4.o)
                              d:/simplicity studio 5/developer/toolchains/gnu_arm/10.3_2021.10/bin/../lib/gcc/arm-none-eabi/10.3.1/thumb/v8-m.main+fp/hard\libgcc.a(_aeabi_ldivmod.o) (__udivmoddi4)
d:/simplicity studio 5/developer/toolchains/gnu_arm/10.3_2021.10/bin/../lib/gcc/arm-none-eabi/10.3.1/thumb/v8-m.main+fp/hard\libgcc.a(_dvmd_tls.o)
                              d:/simplicity studio 5/developer/toolchains/gnu_arm/10.3_2021.10/bin/../lib/gcc/arm-none-eabi/10.3.1/thumb/v8-m.main+fp/hard\libgcc.a(_aeabi_ldivmod.o) (__aeabi_ldiv0)
d:/simplicity studio 5/developer/toolchains/gnu_arm/10.3_2021.10/bin/../lib/gcc/arm-none-eabi/10.3.1/../../../../arm-none-eabi/lib/thumb/v8-m.main+fp/hard\libc_nano.a(lib_a-exit.o)
                              d:/simplicity studio 5/developer/toolchains/gnu_arm/10.3_2021.10/bin/../lib/gcc/arm-none-eabi/10.3.1/../../../../arm-none-eabi/lib/thumb/v8-m.main+fp/hard/crt0.o (exit)
d:/simplicity studio 5/developer/toolchains/gnu_arm/10.3_2021.10/bin/../lib/gcc/arm-none-eabi/10.3.1/../../../../arm-none-eabi/lib/thumb/v8-m.main+fp/hard\libc_nano.a(lib_a-impure.o)
                              d:/simplicity studio 5/developer/toolchains/gnu_arm/10.3_2021.10/bin/../lib/gcc/arm-none-eabi/10.3.1/../../../../arm-none-eabi/lib/thumb/v8-m.main+fp/hard\libc_nano.a(lib_a-exit.o) (_global_impure_ptr)
d:/simplicity studio 5/developer/toolchains/gnu_arm/10.3_2021.10/bin/../lib/gcc/arm-none-eabi/10.3.1/../../../../arm-none-eabi/lib/thumb/v8-m.main+fp/hard\libc_nano.a(lib_a-init.o)
                              d:/simplicity studio 5/developer/toolchains/gnu_arm/10.3_2021.10/bin/../lib/gcc/arm-none-eabi/10.3.1/../../../../arm-none-eabi/lib/thumb/v8-m.main+fp/hard/crt0.o (__libc_init_array)
d:/simplicity studio 5/developer/toolchains/gnu_arm/10.3_2021.10/bin/../lib/gcc/arm-none-eabi/10.3.1/../../../../arm-none-eabi/lib/thumb/v8-m.main+fp/hard\libc_nano.a(lib_a-memcpy-stub.o)
                              ./gecko_sdk_4.3.0/util/third_party/segger/systemview/SEGGER/SEGGER_RTT.o (memcpy)
d:/simplicity studio 5/developer/toolchains/gnu_arm/10.3_2021.10/bin/../lib/gcc/arm-none-eabi/10.3.1/../../../../arm-none-eabi/lib/thumb/v8-m.main+fp/hard\libc_nano.a(lib_a-memset.o)
                              d:/simplicity studio 5/developer/toolchains/gnu_arm/10.3_2021.10/bin/../lib/gcc/arm-none-eabi/10.3.1/../../../../arm-none-eabi/lib/thumb/v8-m.main+fp/hard/crt0.o (memset)
d:/simplicity studio 5/developer/toolchains/gnu_arm/10.3_2021.10/bin/../lib/gcc/arm-none-eabi/10.3.1/../../../../arm-none-eabi/lib/thumb/v8-m.main+fp/hard\libc_nano.a(lib_a-setvbuf.o)
                              ./gecko_sdk_4.3.0/platform/service/iostream/src/sl_iostream_stdlib_config.o (setvbuf)
[...]
Memory Configuration

Name             Origin             Length             Attributes
FLASH            0x00000000         0x0007e000         xr
RAM              0x20000000         0x00008000         xrw
*default*        0x00000000         0xffffffff

Linker script and memory map

LOAD d:/simplicity studio 5/developer/toolchains/gnu_arm/10.3_2021.10/bin/../lib/gcc/arm-none-eabi/10.3.1/thumb/v8-m.main+fp/hard/crti.o
LOAD d:/simplicity studio 5/developer/toolchains/gnu_arm/10.3_2021.10/bin/../lib/gcc/arm-none-eabi/10.3.1/thumb/v8-m.main+fp/hard/crtbegin.o
LOAD d:/simplicity studio 5/developer/toolchains/gnu_arm/10.3_2021.10/bin/../lib/gcc/arm-none-eabi/10.3.1/../../../../arm-none-eabi/lib/thumb/v8-m.main+fp/hard/crt0.o
START GROUP
LOAD ./AHT20.o
LOAD ./app.o
LOAD ./blink.o
LOAD ./main.o
LOAD ./autogen/sl_board_default_init.o
LOAD ./autogen/sl_device_init_clocks.o
LOAD ./autogen/sl_emlib_gpio_simple_init.o
LOAD ./autogen/sl_event_handler.o
LOAD ./autogen/sl_i2cspm_init.o
LOAD ./autogen/sl_iostream_handles.o
LOAD ./gecko_sdk_4.3.0/app/common/util/app_log/app_log.o
LOAD ./gecko_sdk_4.3.0/hardware/board/src/sl_board_control_gpio.o
LOAD ./gecko_sdk_4.3.0/hardware/board/src/sl_board_init.o
LOAD ./gecko_sdk_4.3.0/platform/Device/SiliconLabs/BGM22/Source/startup_bgm22.o
LOAD ./gecko_sdk_4.3.0/platform/Device/SiliconLabs/BGM22/Source/system_bgm22.o
LOAD ./gecko_sdk_4.3.0/platform/common/src/sl_assert.o
LOAD ./gecko_sdk_4.3.0/platform/common/toolchain/src/sl_memory.o
LOAD ./gecko_sdk_4.3.0/platform/driver/debug/src/sl_debug_swo.o
LOAD ./gecko_sdk_4.3.0/platform/driver/i2cspm/src/sl_i2cspm.o
LOAD ./gecko_sdk_4.3.0/platform/emlib/src/em_burtc.o
LOAD ./gecko_sdk_4.3.0/platform/emlib/src/em_cmu.o
LOAD ./gecko_sdk_4.3.0/platform/emlib/src/em_core.o
LOAD ./gecko_sdk_4.3.0/platform/emlib/src/em_emu.o
LOAD ./gecko_sdk_4.3.0/platform/emlib/src/em_gpio.o
LOAD ./gecko_sdk_4.3.0/platform/emlib/src/em_i2c.o
LOAD ./gecko_sdk_4.3.0/platform/emlib/src/em_msc.o
LOAD ./gecko_sdk_4.3.0/platform/emlib/src/em_rtcc.o
LOAD ./gecko_sdk_4.3.0/platform/emlib/src/em_system.o
LOAD ./gecko_sdk_4.3.0/platform/emlib/src/em_timer.o
LOAD ./gecko_sdk_4.3.0/platform/service/device_init/src/sl_device_init_dcdc_s2.o
LOAD ./gecko_sdk_4.3.0/platform/service/device_init/src/sl_device_init_emu_s2.o
LOAD ./gecko_sdk_4.3.0/platform/service/device_init/src/sl_device_init_hfxo_s2.o
LOAD ./gecko_sdk_4.3.0/platform/service/device_init/src/sl_device_init_lfxo_s2.o
LOAD ./gecko_sdk_4.3.0/platform/service/device_init/src/sl_device_init_nvic.o
LOAD ./gecko_sdk_4.3.0/platform/service/iostream/src/sl_iostream.o
LOAD ./gecko_sdk_4.3.0/platform/service/iostream/src/sl_iostream_retarget_stdio.o
LOAD ./gecko_sdk_4.3.0/platform/service/iostream/src/sl_iostream_rtt.o
LOAD ./gecko_sdk_4.3.0/platform/service/iostream/src/sl_iostream_stdlib_config.o
LOAD ./gecko_sdk_4.3.0/platform/service/iostream/src/sl_iostream_swo.o
LOAD ./gecko_sdk_4.3.0/platform/service/sleeptimer/src/sl_sleeptimer.o
LOAD ./gecko_sdk_4.3.0/platform/service/sleeptimer/src/sl_sleeptimer_hal_burtc.o
LOAD ./gecko_sdk_4.3.0/platform/service/sleeptimer/src/sl_sleeptimer_hal_prortc.o
LOAD ./gecko_sdk_4.3.0/platform/service/sleeptimer/src/sl_sleeptimer_hal_rtcc.o
LOAD ./gecko_sdk_4.3.0/platform/service/sleeptimer/src/sl_sleeptimer_hal_timer.o
LOAD ./gecko_sdk_4.3.0/platform/service/system/src/sl_system_init.o
LOAD ./gecko_sdk_4.3.0/platform/service/system/src/sl_system_process_action.o
LOAD ./gecko_sdk_4.3.0/platform/service/udelay/src/sl_udelay.o
LOAD ./gecko_sdk_4.3.0/platform/service/udelay/src/sl_udelay_armv6m_gcc.o
LOAD ./gecko_sdk_4.3.0/util/third_party/printf/printf.o
LOAD ./gecko_sdk_4.3.0/util/third_party/printf/src/iostream_printf.o
LOAD ./gecko_sdk_4.3.0/util/third_party/segger/systemview/SEGGER/SEGGER_RTT.o
LOAD ./gecko_sdk_4.3.0/util/third_party/segger/systemview/SEGGER/SEGGER_RTT_printf.o
LOAD d:/simplicity studio 5/developer/toolchains/gnu_arm/10.3_2021.10/bin/../lib/gcc/arm-none-eabi/10.3.1/thumb/v8-m.main+fp/hard\libgcc.a
LOAD d:/simplicity studio 5/developer/toolchains/gnu_arm/10.3_2021.10/bin/../lib/gcc/arm-none-eabi/10.3.1/../../../../arm-none-eabi/lib/thumb/v8-m.main+fp/hard\libc_nano.a
LOAD d:/simplicity studio 5/developer/toolchains/gnu_arm/10.3_2021.10/bin/../lib/gcc/arm-none-eabi/10.3.1/../../../../arm-none-eabi/lib/thumb/v8-m.main+fp/hard\libm.a
LOAD d:/simplicity studio 5/developer/toolchains/gnu_arm/10.3_2021.10/bin/../lib/gcc/arm-none-eabi/10.3.1/../../../../arm-none-eabi/lib/thumb/v8-m.main+fp/hard\libnosys.a
END GROUP
START GROUP
LOAD d:/simplicity studio 5/developer/toolchains/gnu_arm/10.3_2021.10/bin/../lib/gcc/arm-none-eabi/10.3.1/thumb/v8-m.main+fp/hard\libgcc.a
LOAD d:/simplicity studio 5/developer/toolchains/gnu_arm/10.3_2021.10/bin/../lib/gcc/arm-none-eabi/10.3.1/../../../../arm-none-eabi/lib/thumb/v8-m.main+fp/hard\libc_nano.a
LOAD d:/simplicity studio 5/developer/toolchains/gnu_arm/10.3_2021.10/bin/../lib/gcc/arm-none-eabi/10.3.1/../../../../arm-none-eabi/lib/thumb/v8-m.main+fp/hard\libnosys.a
END GROUP
START GROUP
LOAD d:/simplicity studio 5/developer/toolchains/gnu_arm/10.3_2021.10/bin/../lib/gcc/arm-none-eabi/10.3.1/thumb/v8-m.main+fp/hard\libgcc.a
LOAD d:/simplicity studio 5/developer/toolchains/gnu_arm/10.3_2021.10/bin/../lib/gcc/arm-none-eabi/10.3.1/../../../../arm-none-eabi/lib/thumb/v8-m.main+fp/hard\libg_nano.a
LOAD d:/simplicity studio 5/developer/toolchains/gnu_arm/10.3_2021.10/bin/../lib/gcc/arm-none-eabi/10.3.1/../../../../arm-none-eabi/lib/thumb/v8-m.main+fp/hard\libc_nano.a
END GROUP
START GROUP
LOAD d:/simplicity studio 5/developer/toolchains/gnu_arm/10.3_2021.10/bin/../lib/gcc/arm-none-eabi/10.3.1/thumb/v8-m.main+fp/hard\libgcc.a
LOAD d:/simplicity studio 5/developer/toolchains/gnu_arm/10.3_2021.10/bin/../lib/gcc/arm-none-eabi/10.3.1/../../../../arm-none-eabi/lib/thumb/v8-m.main+fp/hard\libc_nano.a
END GROUP
LOAD d:/simplicity studio 5/developer/toolchains/gnu_arm/10.3_2021.10/bin/../lib/gcc/arm-none-eabi/10.3.1/thumb/v8-m.main+fp/hard/crtend.o
LOAD d:/simplicity studio 5/developer/toolchains/gnu_arm/10.3_2021.10/bin/../lib/gcc/arm-none-eabi/10.3.1/thumb/v8-m.main+fp/hard/crtn.o

.text           0x00000000     0x5578
                0x00000000                linker_vectors_begin = .
 *(.vectors)
 .vectors       0x00000000      0x140 ./gecko_sdk_4.3.0/platform/Device/SiliconLabs/BGM22/Source/startup_bgm22.o
                0x00000000                __Vectors
                0x00000140                linker_vectors_end = .
                0x00000140                __Vectors_End = .
                0x00000140                __Vectors_Size = (__Vectors_End - __Vectors)
                0x00000140                linker_code_begin = .
 *(SORT_BY_ALIGNMENT(.text*))
 .text          0x00000140        0x8 ./gecko_sdk_4.3.0/platform/service/udelay/src/sl_udelay_armv6m_gcc.o
                0x00000140                sli_delay_loop
 .text._etoa    0x00000148      0x3c4 ./gecko_sdk_4.3.0/util/third_party/printf/printf.o
 *fill*         0x0000050c        0x4 
 .text._ftoa    0x00000510      0x358 ./gecko_sdk_4.3.0/util/third_party/printf/printf.o
 .text          0x00000868       0x40 d:/simplicity studio 5/developer/toolchains/gnu_arm/10.3_2021.10/bin/../lib/gcc/arm-none-eabi/10.3.1/thumb/v8-m.main+fp/hard/crtbegin.o
 .text          0x000008a8       0x7c d:/simplicity studio 5/developer/toolchains/gnu_arm/10.3_2021.10/bin/../lib/gcc/arm-none-eabi/10.3.1/../../../../arm-none-eabi/lib/thumb/v8-m.main+fp/hard/crt0.o
                0x000008a8                _stack_init
                0x000008b0                _start
                0x000008b0                _mainCRTStartup
 .text.AHT20_begin
                0x00000924       0x5c ./AHT20.o
                0x00000924                AHT20_begin
 .text.AHT20_cmd
                0x00000980       0x5c ./AHT20.o
                0x00000980                AHT20_cmd
 .text.startSensor
                0x000009dc       0x6c ./AHT20.o
                0x000009dc                startSensor
 .text.getSensor
                0x00000a48       0xdc ./AHT20.o
                0x00000a48                getSensor
 .text.printf_temp_humi_data
                0x00000b24       0x6c ./AHT20.o
                0x00000b24                printf_temp_humi_data
 .text.app_init
                0x00000b90       0x30 ./app.o
                0x00000b90                app_init
 .text.sl_device_init_clocks
                0x00000bc0       0x9c ./autogen/sl_device_init_clocks.o
                0x00000bc0                sl_device_init_clocks
 .text.sl_platform_init
                0x00000c5c       0x58 ./autogen/sl_event_handler.o
                0x00000c5c                sl_platform_init
 .text.sl_i2cspm_init_instances
                0x00000cb4       0x18 ./autogen/sl_i2cspm_init.o
                0x00000cb4                sl_i2cspm_init_instances
 .text.app_log_init
                0x00000ccc       0x38 ./gecko_sdk_4.3.0/app/common/util/app_log/app_log.o
                0x00000ccc                app_log_init
 .text.Reset_Handler
                0x00000d04       0x60 ./gecko_sdk_4.3.0/platform/Device/SiliconLabs/BGM22/Source/startup_bgm22.o
                0x00000d04                Reset_Handler
 .text.SystemInit
                0x00000d64       0x64 ./gecko_sdk_4.3.0/platform/Device/SiliconLabs/BGM22/Source/system_bgm22.o
                0x00000d64                SystemInit
 .text.SystemHFRCODPLLClockGet
                0x00000dc8        0xc ./gecko_sdk_4.3.0/platform/Device/SiliconLabs/BGM22/Source/system_bgm22.o
                0x00000dc8                SystemHFRCODPLLClockGet
 .text.SystemSYSCLKGet
                0x00000dd4       0x34 ./gecko_sdk_4.3.0/platform/Device/SiliconLabs/BGM22/Source/system_bgm22.o
                0x00000dd4                SystemSYSCLKGet
 .text.SystemHCLKGet
                0x00000e08       0x24 ./gecko_sdk_4.3.0/platform/Device/SiliconLabs/BGM22/Source/system_bgm22.o
                0x00000e08                SystemHCLKGet
 .text.SystemMaxCoreClockGet
                0x00000e2c        0x8 ./gecko_sdk_4.3.0/platform/Device/SiliconLabs/BGM22/Source/system_bgm22.o
                0x00000e2c                SystemMaxCoreClockGet
 .text.SystemHFXOClockGet
                0x00000e34        0xc ./gecko_sdk_4.3.0/platform/Device/SiliconLabs/BGM22/Source/system_bgm22.o
                0x00000e34                SystemHFXOClockGet
 .text.SystemHFXOClockSet
                0x00000e40       0x20 ./gecko_sdk_4.3.0/platform/Device/SiliconLabs/BGM22/Source/system_bgm22.o
                0x00000e40                SystemHFXOClockSet
 .text.SystemFSRCOClockGet
                0x00000e60        0x8 ./gecko_sdk_4.3.0/platform/Device/SiliconLabs/BGM22/Source/system_bgm22.o
                0x00000e60                SystemFSRCOClockGet
 .text.SystemLFXOClockGet
                0x00000e68        0xc ./gecko_sdk_4.3.0/platform/Device/SiliconLabs/BGM22/Source/system_bgm22.o
                0x00000e68                SystemLFXOClockGet
 .text._sbrk    0x00000e74       0x20 ./gecko_sdk_4.3.0/platform/common/toolchain/src/sl_memory.o
                0x00000e74                _sbrk
 .text.sl_debug_swo_init
                0x00000e94       0xc0 ./gecko_sdk_4.3.0/platform/driver/debug/src/sl_debug_swo.o
                0x00000e94                sl_debug_swo_init
 .text.sl_debug_swo_write_u8
                0x00000f54       0x44 ./gecko_sdk_4.3.0/platform/driver/debug/src/sl_debug_swo.o
                0x00000f54                sl_debug_swo_write_u8
 .text.I2CSPM_Init
                0x00000f98      0x180 ./gecko_sdk_4.3.0/platform/driver/i2cspm/src/sl_i2cspm.o
                0x00000f98                I2CSPM_Init
 .text.EMU_VScaleGet
                0x00001118       0x18 ./gecko_sdk_4.3.0/platform/emlib/src/em_cmu.o
 .text.em01GrpaClkGet
                0x00001130       0x48 ./gecko_sdk_4.3.0/platform/emlib/src/em_cmu.o
 .text.iadcClkGet
                0x00001178       0x54 ./gecko_sdk_4.3.0/platform/emlib/src/em_cmu.o
 .text.em01GrpbClkGet
                0x000011cc       0x74 ./gecko_sdk_4.3.0/platform/emlib/src/em_cmu.o
 .text.em23GrpaClkGet
                0x00001240       0x48 ./gecko_sdk_4.3.0/platform/emlib/src/em_cmu.o
 .text.wdog0ClkGet
                0x00001288       0x64 ./gecko_sdk_4.3.0/platform/emlib/src/em_cmu.o
 .text.rtccClkGet
                0x000012ec       0x54 ./gecko_sdk_4.3.0/platform/emlib/src/em_cmu.o
 .text.em4GrpaClkGet
                0x00001340       0x48 ./gecko_sdk_4.3.0/platform/emlib/src/em_cmu.o
 .text.euart0ClkGet
                0x00001388       0x48 ./gecko_sdk_4.3.0/platform/emlib/src/em_cmu.o
 .text.CMU_ClockDivGet
                0x000013d0       0x84 ./gecko_sdk_4.3.0/platform/emlib/src/em_cmu.o
                0x000013d0                CMU_ClockDivGet
 .text.flashWaitStateControl
                0x00001454       0x4c ./gecko_sdk_4.3.0/platform/emlib/src/em_cmu.o
 .text.CMU_ClockEnable
                0x000014a0       0x54 ./gecko_sdk_4.3.0/platform/emlib/src/em_cmu.o
                0x000014a0                CMU_ClockEnable
 .text.CMU_ClockFreqGet
                0x000014f4      0x194 ./gecko_sdk_4.3.0/platform/emlib/src/em_cmu.o
                0x000014f4                CMU_ClockFreqGet
 .text.rhclkPrescOptimize
                0x00001688       0x20 ./gecko_sdk_4.3.0/platform/emlib/src/em_cmu.o
 .text.CMU_ClockSelectGet
                0x000016a8      0x168 ./gecko_sdk_4.3.0/platform/emlib/src/em_cmu.o
                0x000016a8                CMU_ClockSelectGet
 .text.sli_em_cmu_HFXOSetForceEnable
                0x00001810       0x18 ./gecko_sdk_4.3.0/platform/emlib/src/em_cmu.o
                0x00001810                sli_em_cmu_HFXOSetForceEnable
 .text.CMU_HFXOInit
                0x00001828      0x1e4 ./gecko_sdk_4.3.0/platform/emlib/src/em_cmu.o
                0x00001828                CMU_HFXOInit
 .text.CMU_HFXOCTuneDeltaGet
                0x00001a0c        0xc ./gecko_sdk_4.3.0/platform/emlib/src/em_cmu.o
                0x00001a0c                CMU_HFXOCTuneDeltaGet
 .text.CMU_LFXOInit
                0x00001a18       0xc4 ./gecko_sdk_4.3.0/platform/emlib/src/em_cmu.o
                0x00001a18                CMU_LFXOInit
 .text.CMU_LFXOPrecisionSet
                0x00001adc        0xc ./gecko_sdk_4.3.0/platform/emlib/src/em_cmu.o
                0x00001adc                CMU_LFXOPrecisionSet
 .text.CMU_HFXOPrecisionSet
                0x00001ae8        0xc ./gecko_sdk_4.3.0/platform/emlib/src/em_cmu.o
                0x00001ae8                CMU_HFXOPrecisionSet
 .text.CMU_ClockDivSet
                0x00001af4      0x104 ./gecko_sdk_4.3.0/platform/emlib/src/em_cmu.o
                0x00001af4                CMU_ClockDivSet
 .text.sli_em_cmu_SYSCLKInitPreClockSelect
                0x00001bf8       0x20 ./gecko_sdk_4.3.0/platform/emlib/src/em_cmu.o
                0x00001bf8                sli_em_cmu_SYSCLKInitPreClockSelect
 .text.pclkDivOptimize
                0x00001c18       0x24 ./gecko_sdk_4.3.0/platform/emlib/src/em_cmu.o
 .text.EMU_EM4Init
                0x00001c3c       0x14 ./gecko_sdk_4.3.0/platform/emlib/src/em_emu.o
                0x00001c3c                EMU_EM4Init
 .text.EMU_VScaleEM01
                0x00001c50       0xb0 ./gecko_sdk_4.3.0/platform/emlib/src/em_emu.o
                0x00001c50                EMU_VScaleEM01
 .text.EMU_VScaleEM01ByClock
                0x00001d00       0x30 ./gecko_sdk_4.3.0/platform/emlib/src/em_emu.o
                0x00001d00                EMU_VScaleEM01ByClock
 .text.EMU_DCDCModeSet
                0x00001d30       0xbc ./gecko_sdk_4.3.0/platform/emlib/src/em_emu.o
                0x00001d30                EMU_DCDCModeSet
 .text.EMU_DCDCInit
                0x00001dec       0x7c ./gecko_sdk_4.3.0/platform/emlib/src/em_emu.o
                0x00001dec                EMU_DCDCInit
 .text.GPIO_PinOutSet
                0x00001e68       0x54 ./gecko_sdk_4.3.0/platform/emlib/src/em_gpio.o
 .text.GPIO_PinOutClear
                0x00001ebc       0x54 ./gecko_sdk_4.3.0/platform/emlib/src/em_gpio.o
 .text.GPIO_PinModeSet
                0x00001f10       0xa0 ./gecko_sdk_4.3.0/platform/emlib/src/em_gpio.o
                0x00001f10                GPIO_PinModeSet
 .text.I2C_BusFreqSet
                0x00001fb0       0xe8 ./gecko_sdk_4.3.0/platform/emlib/src/em_i2c.o
                0x00001fb0                I2C_BusFreqSet
 .text.I2C_Enable
                0x00002098       0x3c ./gecko_sdk_4.3.0/platform/emlib/src/em_i2c.o
                0x00002098                I2C_Enable
 .text.I2C_Init
                0x000020d4       0x68 ./gecko_sdk_4.3.0/platform/emlib/src/em_i2c.o
                0x000020d4                I2C_Init
 .text.I2C_Transfer
                0x0000213c      0x244 ./gecko_sdk_4.3.0/platform/emlib/src/em_i2c.o
                0x0000213c                I2C_Transfer
 .text.I2C_TransferInit
                0x00002380       0xbc ./gecko_sdk_4.3.0/platform/emlib/src/em_i2c.o
                0x00002380                I2C_TransferInit
 .text.RTCC_ChannelInit
                0x0000243c       0x48 ./gecko_sdk_4.3.0/platform/emlib/src/em_rtcc.o
                0x0000243c                RTCC_ChannelInit
 .text.RTCC_Enable
                0x00002484       0x44 ./gecko_sdk_4.3.0/platform/emlib/src/em_rtcc.o
                0x00002484                RTCC_Enable
 .text.RTCC_Init
                0x000024c8       0x5c ./gecko_sdk_4.3.0/platform/emlib/src/em_rtcc.o
                0x000024c8                RTCC_Init
 .text.SYSTEM_GetProdRev
                0x00002524       0x10 ./gecko_sdk_4.3.0/platform/emlib/src/em_system.o
                0x00002524                SYSTEM_GetProdRev
 .text.sl_device_init_dcdc
                0x00002534       0x20 ./gecko_sdk_4.3.0/platform/service/device_init/src/sl_device_init_dcdc_s2.o
                0x00002534                sl_device_init_dcdc
 .text.sl_device_init_emu
                0x00002554       0x24 ./gecko_sdk_4.3.0/platform/service/device_init/src/sl_device_init_emu_s2.o
                0x00002554                sl_device_init_emu
 .text.sl_device_init_hfxo
                0x00002578       0x74 ./gecko_sdk_4.3.0/platform/service/device_init/src/sl_device_init_hfxo_s2.o
                0x00002578                sl_device_init_hfxo
 .text.sl_device_init_lfxo
                0x000025ec       0x2c ./gecko_sdk_4.3.0/platform/service/device_init/src/sl_device_init_lfxo_s2.o
                0x000025ec                sl_device_init_lfxo
 .text.sl_device_init_nvic
                0x00002618       0x3c ./gecko_sdk_4.3.0/platform/service/device_init/src/sl_device_init_nvic.o
                0x00002618                sl_device_init_nvic
 .text.sl_iostream_set_default
                0x00002654       0x18 ./gecko_sdk_4.3.0/platform/service/iostream/src/sl_iostream.o
                0x00002654                sl_iostream_set_default
 .text.sl_iostream_get_default
                0x0000266c       0x18 ./gecko_sdk_4.3.0/platform/service/iostream/src/sl_iostream.o
                0x0000266c                sl_iostream_get_default
 .text._write   0x00002684       0x1c ./gecko_sdk_4.3.0/platform/service/iostream/src/sl_iostream_retarget_stdio.o
                0x00002684                _write
 .text.sl_iostream_rtt_init
                0x000026a0       0x30 ./gecko_sdk_4.3.0/platform/service/iostream/src/sl_iostream_rtt.o
                0x000026a0                sl_iostream_rtt_init
 .text.sl_iostream_stdlib_disable_buffering
                0x000026d0       0x14 ./gecko_sdk_4.3.0/platform/service/iostream/src/sl_iostream_stdlib_config.o
                0x000026d0                sl_iostream_stdlib_disable_buffering
 .text.sl_iostream_swo_init
                0x000026e4       0x1c ./gecko_sdk_4.3.0/platform/service/iostream/src/sl_iostream_swo.o
                0x000026e4                sl_iostream_swo_init
 .text.delta_list_insert_timer
                0x00002700       0x44 ./gecko_sdk_4.3.0/platform/service/sleeptimer/src/sl_sleeptimer.o
 .text.update_delta_list
                0x00002744       0x38 ./gecko_sdk_4.3.0/platform/service/sleeptimer/src/sl_sleeptimer.o
 .text.set_comparator_for_next_timer
                0x0000277c       0x5c ./gecko_sdk_4.3.0/platform/service/sleeptimer/src/sl_sleeptimer.o
 .text.create_timer
                0x000027d8       0x70 ./gecko_sdk_4.3.0/platform/service/sleeptimer/src/sl_sleeptimer.o
 .text.delta_list_remove_timer
                0x00002848       0x38 ./gecko_sdk_4.3.0/platform/service/sleeptimer/src/sl_sleeptimer.o
 .text.sl_sleeptimer_init
                0x00002880       0x74 ./gecko_sdk_4.3.0/platform/service/sleeptimer/src/sl_sleeptimer.o
                0x00002880                sl_sleeptimer_init
 .text.sl_sleeptimer_is_timer_running
                0x000028f4       0x38 ./gecko_sdk_4.3.0/platform/service/sleeptimer/src/sl_sleeptimer.o
                0x000028f4                sl_sleeptimer_is_timer_running
 .text.sl_sleeptimer_ms_to_tick
                0x0000292c       0x24 ./gecko_sdk_4.3.0/platform/service/sleeptimer/src/sl_sleeptimer.o
                0x0000292c                sl_sleeptimer_ms_to_tick
 .text.sl_sleeptimer_delay_millisecond
                0x00002950       0x38 ./gecko_sdk_4.3.0/platform/service/sleeptimer/src/sl_sleeptimer.o
                0x00002950                sl_sleeptimer_delay_millisecond
 .text.process_timer_irq
                0x00002988      0x158 ./gecko_sdk_4.3.0/platform/service/sleeptimer/src/sl_sleeptimer.o
                0x00002988                process_timer_irq
 .text.sleeptimer_hal_init_timer
                0x00002ae0       0x88 ./gecko_sdk_4.3.0/platform/service/sleeptimer/src/sl_sleeptimer_hal_rtcc.o
                0x00002ae0                sleeptimer_hal_init_timer
 .text.sleeptimer_hal_set_compare
                0x00002b68       0x64 ./gecko_sdk_4.3.0/platform/service/sleeptimer/src/sl_sleeptimer_hal_rtcc.o
                0x00002b68                sleeptimer_hal_set_compare
 .text.sleeptimer_hal_disable_int
                0x00002bcc       0x30 ./gecko_sdk_4.3.0/platform/service/sleeptimer/src/sl_sleeptimer_hal_rtcc.o
                0x00002bcc                sleeptimer_hal_disable_int
 .text.sleeptimer_hal_set_int
                0x00002bfc       0x10 ./gecko_sdk_4.3.0/platform/service/sleeptimer/src/sl_sleeptimer_hal_rtcc.o
                0x00002bfc                sleeptimer_hal_set_int
 .text.RTCC_IRQHandler
                0x00002c0c       0x34 ./gecko_sdk_4.3.0/platform/service/sleeptimer/src/sl_sleeptimer_hal_rtcc.o
                0x00002c0c                RTCC_IRQHandler
 .text.sl_udelay_wait
                0x00002c40       0x58 ./gecko_sdk_4.3.0/platform/service/udelay/src/sl_udelay.o
                0x00002c40                sl_udelay_wait
 .text._vsnprintf
                0x00002c98      0x548 ./gecko_sdk_4.3.0/util/third_party/printf/printf.o
 .text.printf   0x000031e0       0x28 ./gecko_sdk_4.3.0/util/third_party/printf/printf.o
                0x000031e0                printf
 .text._DoInit  0x00003208       0x58 ./gecko_sdk_4.3.0/util/third_party/segger/systemview/SEGGER/SEGGER_RTT.o
 .text.SEGGER_RTT_ReadNoLock
                0x00003260       0x88 ./gecko_sdk_4.3.0/util/third_party/segger/systemview/SEGGER/SEGGER_RTT.o
                0x00003260                SEGGER_RTT_ReadNoLock
 .text.SEGGER_RTT_WriteNoLock
                0x000032e8       0x60 ./gecko_sdk_4.3.0/util/third_party/segger/systemview/SEGGER/SEGGER_RTT.o
                0x000032e8                SEGGER_RTT_WriteNoLock
 .text.SEGGER_RTT_Write
                0x00003348       0x34 ./gecko_sdk_4.3.0/util/third_party/segger/systemview/SEGGER/SEGGER_RTT.o
                0x00003348                SEGGER_RTT_Write
 .text.SEGGER_RTT_ConfigUpBuffer
                0x0000337c       0x60 ./gecko_sdk_4.3.0/util/third_party/segger/systemview/SEGGER/SEGGER_RTT.o
                0x0000337c                SEGGER_RTT_ConfigUpBuffer
 .text.SEGGER_RTT_ConfigDownBuffer
                0x000033dc       0x5c ./gecko_sdk_4.3.0/util/third_party/segger/systemview/SEGGER/SEGGER_RTT.o
                0x000033dc                SEGGER_RTT_ConfigDownBuffer
 .text          0x00003438      0x378 d:/simplicity studio 5/developer/toolchains/gnu_arm/10.3_2021.10/bin/../lib/gcc/arm-none-eabi/10.3.1/thumb/v8-m.main+fp/hard\libgcc.a(_arm_addsubdf3.o)
                0x00003438                __aeabi_drsub
                0x00003440                __aeabi_dsub
                0x00003440                __subdf3
                0x00003444                __aeabi_dadd
                0x00003444                __adddf3
                0x000036bc                __floatunsidf
                0x000036bc                __aeabi_ui2d
                0x000036dc                __floatsidf
                0x000036dc                __aeabi_i2d
                0x00003700                __aeabi_f2d
                0x00003700                __extendsfdf2
                0x00003744                __floatundidf
                0x00003744                __aeabi_ul2d
                0x00003754                __floatdidf
                0x00003754                __aeabi_l2d
 .text          0x000037b0      0x424 d:/simplicity studio 5/developer/toolchains/gnu_arm/10.3_2021.10/bin/../lib/gcc/arm-none-eabi/10.3.1/thumb/v8-m.main+fp/hard\libgcc.a(_arm_muldivdf3.o)
                0x000037b0                __aeabi_dmul
                0x000037b0                __muldf3
                0x00003a04                __divdf3
                0x00003a04                __aeabi_ddiv
 .text          0x00003bd4      0x110 d:/simplicity studio 5/developer/toolchains/gnu_arm/10.3_2021.10/bin/../lib/gcc/arm-none-eabi/10.3.1/thumb/v8-m.main+fp/hard\libgcc.a(_arm_cmpdf2.o)
                0x00003bd4                __gtdf2
                0x00003bd4                __gedf2
                0x00003bdc                __ltdf2
                0x00003bdc                __ledf2
                0x00003be4                __nedf2
                0x00003be4                __eqdf2
                0x00003be4                __cmpdf2
                0x00003c60                __aeabi_cdrcmple
                0x00003c70                __aeabi_cdcmpeq
                0x00003c70                __aeabi_cdcmple
                0x00003c80                __aeabi_dcmpeq
                0x00003c94                __aeabi_dcmplt
                0x00003ca8                __aeabi_dcmple
                0x00003cbc                __aeabi_dcmpge
                0x00003cd0                __aeabi_dcmpgt
 .text          0x00003ce4       0x50 d:/simplicity studio 5/developer/toolchains/gnu_arm/10.3_2021.10/bin/../lib/gcc/arm-none-eabi/10.3.1/thumb/v8-m.main+fp/hard\libgcc.a(_arm_fixdfsi.o)
                0x00003ce4                __aeabi_d2iz
                0x00003ce4                __fixdfsi
 .text          0x00003d34       0x40 d:/simplicity studio 5/developer/toolchains/gnu_arm/10.3_2021.10/bin/../lib/gcc/arm-none-eabi/10.3.1/thumb/v8-m.main+fp/hard\libgcc.a(_arm_fixunsdfsi.o)
                0x00003d34                __aeabi_d2uiz
                0x00003d34                __fixunsdfsi
 .text          0x00003d74       0x30 d:/simplicity studio 5/developer/toolchains/gnu_arm/10.3_2021.10/bin/../lib/gcc/arm-none-eabi/10.3.1/thumb/v8-m.main+fp/hard\libgcc.a(_aeabi_uldivmod.o)
                0x00003d74                __aeabi_uldivmod
 .text          0x00003da4      0x2ec d:/simplicity studio 5/developer/toolchains/gnu_arm/10.3_2021.10/bin/../lib/gcc/arm-none-eabi/10.3.1/thumb/v8-m.main+fp/hard\libgcc.a(_udivmoddi4.o)
                0x00003da4                __udivmoddi4
 .text          0x00004090        0x4 d:/simplicity studio 5/developer/toolchains/gnu_arm/10.3_2021.10/bin/../lib/gcc/arm-none-eabi/10.3.1/thumb/v8-m.main+fp/hard\libgcc.a(_dvmd_tls.o)
                0x00004090                __aeabi_idiv0
                0x00004090                __aeabi_ldiv0
 .text.exit     0x00004094       0x28 d:/simplicity studio 5/developer/toolchains/gnu_arm/10.3_2021.10/bin/../lib/gcc/arm-none-eabi/10.3.1/../../../../arm-none-eabi/lib/thumb/v8-m.main+fp/hard\libc_nano.a(lib_a-exit.o)
                0x00004094                exit
 .text.__libc_init_array
                0x000040bc       0x48 d:/simplicity studio 5/developer/toolchains/gnu_arm/10.3_2021.10/bin/../lib/gcc/arm-none-eabi/10.3.1/../../../../arm-none-eabi/lib/thumb/v8-m.main+fp/hard\libc_nano.a(lib_a-init.o)
                0x000040bc                __libc_init_array
 .text.setvbuf  0x00004104      0x188 d:/simplicity studio 5/developer/toolchains/gnu_arm/10.3_2021.10/bin/../lib/gcc/arm-none-eabi/10.3.1/../../../../arm-none-eabi/lib/thumb/v8-m.main+fp/hard\libc_nano.a(lib_a-setvbuf.o)
                0x00004104                setvbuf
 .text.__sflush_r
                0x0000428c      0x108 d:/simplicity studio 5/developer/toolchains/gnu_arm/10.3_2021.10/bin/../lib/gcc/arm-none-eabi/10.3.1/../../../../arm-none-eabi/lib/thumb/v8-m.main+fp/hard\libc_nano.a(lib_a-fflush.o)
                0x0000428c                __sflush_r
 .text._fflush_r
                0x00004394       0x78 d:/simplicity studio 5/developer/toolchains/gnu_arm/10.3_2021.10/bin/../lib/gcc/arm-none-eabi/10.3.1/../../../../arm-none-eabi/lib/thumb/v8-m.main+fp/hard\libc_nano.a(lib_a-fflush.o)
                0x00004394                _fflush_r
 .text.std      0x0000440c       0x48 d:/simplicity studio 5/developer/toolchains/gnu_arm/10.3_2021.10/bin/../lib/gcc/arm-none-eabi/10.3.1/../../../../arm-none-eabi/lib/thumb/v8-m.main+fp/hard\libc_nano.a(lib_a-findfp.o)
 .text._cleanup_r
                0x00004454        0xc d:/simplicity studio 5/developer/toolchains/gnu_arm/10.3_2021.10/bin/../lib/gcc/arm-none-eabi/10.3.1/../../../../arm-none-eabi/lib/thumb/v8-m.main+fp/hard\libc_nano.a(lib_a-findfp.o)
                0x00004454                _cleanup_r
 .text.__sfp_lock_acquire
                0x00004460        0xc d:/simplicity studio 5/developer/toolchains/gnu_arm/10.3_2021.10/bin/../lib/gcc/arm-none-eabi/10.3.1/../../../../arm-none-eabi/lib/thumb/v8-m.main+fp/hard\libc_nano.a(lib_a-findfp.o)
                0x00004460                __sfp_lock_acquire
 .text.__sfp_lock_release
                0x0000446c        0xc d:/simplicity studio 5/developer/toolchains/gnu_arm/10.3_2021.10/bin/../lib/gcc/arm-none-eabi/10.3.1/../../../../arm-none-eabi/lib/thumb/v8-m.main+fp/hard\libc_nano.a(lib_a-findfp.o)
                0x0000446c                __sfp_lock_release
 .text.__sinit_lock_acquire
                0x00004478        0xc d:/simplicity studio 5/developer/toolchains/gnu_arm/10.3_2021.10/bin/../lib/gcc/arm-none-eabi/10.3.1/../../../../arm-none-eabi/lib/thumb/v8-m.main+fp/hard\libc_nano.a(lib_a-findfp.o)
                0x00004478                __sinit_lock_acquire
 .text.__sinit_lock_release
                0x00004484        0xc d:/simplicity studio 5/developer/toolchains/gnu_arm/10.3_2021.10/bin/../lib/gcc/arm-none-eabi/10.3.1/../../../../arm-none-eabi/lib/thumb/v8-m.main+fp/hard\libc_nano.a(lib_a-findfp.o)
                0x00004484                __sinit_lock_release
 .text.__sinit  0x00004490       0x70 d:/simplicity studio 5/developer/toolchains/gnu_arm/10.3_2021.10/bin/../lib/gcc/arm-none-eabi/10.3.1/../../../../arm-none-eabi/lib/thumb/v8-m.main+fp/hard\libc_nano.a(lib_a-findfp.o)
                0x00004490                __sinit
 .text.__sfp    0x00004500       0x8c d:/simplicity studio 5/developer/toolchains/gnu_arm/10.3_2021.10/bin/../lib/gcc/arm-none-eabi/10.3.1/../../../../arm-none-eabi/lib/thumb/v8-m.main+fp/hard\libc_nano.a(lib_a-findfp.o)
                0x00004500                __sfp
 .text.malloc   0x0000458c       0x10 d:/simplicity studio 5/developer/toolchains/gnu_arm/10.3_2021.10/bin/../lib/gcc/arm-none-eabi/10.3.1/../../../../arm-none-eabi/lib/thumb/v8-m.main+fp/hard\libc_nano.a(lib_a-malloc.o)
                0x0000458c                malloc
 .text._free_r  0x0000459c       0x98 d:/simplicity studio 5/developer/toolchains/gnu_arm/10.3_2021.10/bin/../lib/gcc/arm-none-eabi/10.3.1/../../../../arm-none-eabi/lib/thumb/v8-m.main+fp/hard\libc_nano.a(lib_a-nano-freer.o)
                0x0000459c                _free_r
 .text.sbrk_aligned
                0x00004634       0x40 d:/simplicity studio 5/developer/toolchains/gnu_arm/10.3_2021.10/bin/../lib/gcc/arm-none-eabi/10.3.1/../../../../arm-none-eabi/lib/thumb/v8-m.main+fp/hard\libc_nano.a(lib_a-nano-mallocr.o)
 .text._malloc_r
                0x00004674       0xe8 d:/simplicity studio 5/developer/toolchains/gnu_arm/10.3_2021.10/bin/../lib/gcc/arm-none-eabi/10.3.1/../../../../arm-none-eabi/lib/thumb/v8-m.main+fp/hard\libc_nano.a(lib_a-nano-mallocr.o)
                0x00004674                _malloc_r
 .text._sbrk_r  0x0000475c       0x20 d:/simplicity studio 5/developer/toolchains/gnu_arm/10.3_2021.10/bin/../lib/gcc/arm-none-eabi/10.3.1/../../../../arm-none-eabi/lib/thumb/v8-m.main+fp/hard\libc_nano.a(lib_a-sbrkr.o)
                0x0000475c                _sbrk_r
 .text._write_r
                0x0000477c       0x24 d:/simplicity studio 5/developer/toolchains/gnu_arm/10.3_2021.10/bin/../lib/gcc/arm-none-eabi/10.3.1/../../../../arm-none-eabi/lib/thumb/v8-m.main+fp/hard\libc_nano.a(lib_a-writer.o)
                0x0000477c                _write_r
 .text._close_r
                0x000047a0       0x20 d:/simplicity studio 5/developer/toolchains/gnu_arm/10.3_2021.10/bin/../lib/gcc/arm-none-eabi/10.3.1/../../../../arm-none-eabi/lib/thumb/v8-m.main+fp/hard\libc_nano.a(lib_a-closer.o)
                0x000047a0                _close_r
 .text._fstat_r
                0x000047c0       0x24 d:/simplicity studio 5/developer/toolchains/gnu_arm/10.3_2021.10/bin/../lib/gcc/arm-none-eabi/10.3.1/../../../../arm-none-eabi/lib/thumb/v8-m.main+fp/hard\libc_nano.a(lib_a-fstatr.o)
                0x000047c0                _fstat_r
 .text._lseek_r
                0x000047e4       0x24 d:/simplicity studio 5/developer/toolchains/gnu_arm/10.3_2021.10/bin/../lib/gcc/arm-none-eabi/10.3.1/../../../../arm-none-eabi/lib/thumb/v8-m.main+fp/hard\libc_nano.a(lib_a-lseekr.o)
                0x000047e4                _lseek_r
 .text.__malloc_lock
                0x00004808        0xc d:/simplicity studio 5/developer/toolchains/gnu_arm/10.3_2021.10/bin/../lib/gcc/arm-none-eabi/10.3.1/../../../../arm-none-eabi/lib/thumb/v8-m.main+fp/hard\libc_nano.a(lib_a-mlock.o)
                0x00004808                __malloc_lock
 .text.__malloc_unlock
                0x00004814        0xc d:/simplicity studio 5/developer/toolchains/gnu_arm/10.3_2021.10/bin/../lib/gcc/arm-none-eabi/10.3.1/../../../../arm-none-eabi/lib/thumb/v8-m.main+fp/hard\libc_nano.a(lib_a-mlock.o)
                0x00004814                __malloc_unlock
 .text._read_r  0x00004820       0x24 d:/simplicity studio 5/developer/toolchains/gnu_arm/10.3_2021.10/bin/../lib/gcc/arm-none-eabi/10.3.1/../../../../arm-none-eabi/lib/thumb/v8-m.main+fp/hard\libc_nano.a(lib_a-readr.o)
                0x00004820                _read_r
 .text.app_process_action
                0x00004844        0x4 ./app.o
                0x00004844                app_process_action
 .text.startup.main
                0x00004848       0x14 ./main.o
                0x00004848                main
 .text.sl_board_default_init
                0x0000485c        0x2 ./autogen/sl_board_default_init.o
                0x0000485c                sl_board_default_init
 .text.sl_emlib_gpio_simple_init
                0x0000485e       0x32 ./autogen/sl_emlib_gpio_simple_init.o
                0x0000485e                sl_emlib_gpio_simple_init
 .text.sl_driver_init
                0x00004890       0x12 ./autogen/sl_event_handler.o
                0x00004890                sl_driver_init
 .text.sl_stack_init
                0x000048a2        0x2 ./autogen/sl_event_handler.o
                0x000048a2                sl_stack_init
 .text.sl_internal_app_init
                0x000048a4        0x4 ./autogen/sl_event_handler.o
                0x000048a4                sl_internal_app_init
 .text.sl_platform_process_action
                0x000048a8        0x2 ./autogen/sl_event_handler.o
                0x000048a8                sl_platform_process_action
 .text.sl_service_process_action
                0x000048aa        0x2 ./autogen/sl_event_handler.o
                0x000048aa                sl_service_process_action
 .text.sl_stack_process_action
                0x000048ac        0x2 ./autogen/sl_event_handler.o
                0x000048ac                sl_stack_process_action
 .text.sl_internal_app_process_action
                0x000048ae        0x2 ./autogen/sl_event_handler.o
                0x000048ae                sl_internal_app_process_action
 .text.sl_iostream_init_instances
                0x000048b0        0xe ./autogen/sl_event_handler.o
                0x000048b0                sl_iostream_init_instances
 .text.sl_service_init
                0x000048be       0x16 ./autogen/sl_event_handler.o
                0x000048be                sl_service_init
 .text.sl_board_configure_vcom
                0x000048d4        0x4 ./gecko_sdk_4.3.0/hardware/board/src/sl_board_control_gpio.o
                0x000048d4                sl_board_configure_vcom
 .text.sl_board_init
                0x000048d8       0x12 ./gecko_sdk_4.3.0/hardware/board/src/sl_board_init.o
                0x000048d8                sl_board_init
 .text.sl_board_preinit
                0x000048ea        0x8 ./gecko_sdk_4.3.0/hardware/board/src/sl_board_init.o
                0x000048ea                sl_board_preinit
 .text.Default_Handler
                0x000048f2        0x2 ./gecko_sdk_4.3.0/platform/Device/SiliconLabs/BGM22/Source/startup_bgm22.o
                0x000048f2                ULFRCO_IRQHandler
                0x000048f2                SW2_IRQHandler
                0x000048f2                TIMER2_IRQHandler
                0x000048f2                DebugMon_Handler
                0x000048f2                PKE_IRQHandler
                0x000048f2                USART0_TX_IRQHandler
                0x000048f2                PRORTC_IRQHandler
                0x000048f2                IADC_IRQHandler
                0x000048f2                I2C0_IRQHandler
                0x000048f2                LFXO_IRQHandler
                0x000048f2                CRYPTOACC_IRQHandler
                0x000048f2                HardFault_Handler
                0x000048f2                SMU_SECURE_IRQHandler
                0x000048f2                SysTick_Handler
                0x000048f2                USART1_RX_IRQHandler
                0x000048f2                EMUEFP_IRQHandler
                0x000048f2                PendSV_Handler
                0x000048f2                NMI_Handler
                0x000048f2                SYNTH_IRQHandler
                0x000048f2                HFXO0_IRQHandler
                0x000048f2                I2C1_IRQHandler
                0x000048f2                PDM_IRQHandler
                0x000048f2                WDOG0_IRQHandler
                0x000048f2                TIMER3_IRQHandler
                0x000048f2                SYSCFG_IRQHandler
                0x000048f2                EMUSE_IRQHandler
                0x000048f2                EMUDG_IRQHandler
                0x000048f2                USART1_TX_IRQHandler
                0x000048f2                MSC_IRQHandler
                0x000048f2                DPLL0_IRQHandler
                0x000048f2                UsageFault_Handler
                0x000048f2                M33CTI1_IRQHandler
                0x000048f2                TIMER4_IRQHandler
                0x000048f2                GPIO_EVEN_IRQHandler
                0x000048f2                LDMA_IRQHandler
                0x000048f2                SW0_IRQHandler
                0x000048f2                TIMER0_IRQHandler
                0x000048f2                LETIMER0_IRQHandler
                0x000048f2                TIMER1_IRQHandler
                0x000048f2                HFRCO0_IRQHandler
                0x000048f2                RFSENSE_IRQHandler
                0x000048f2                SecureFault_Handler
                0x000048f2                BUFC_IRQHandler
                0x000048f2                DCDC_IRQHandler
                0x000048f2                MODEM_IRQHandler
                0x000048f2                Default_Handler
                0x000048f2                RAC_SEQ_IRQHandler
                0x000048f2                FRC_PRI_IRQHandler
                0x000048f2                EMU_IRQHandler
                0x000048f2                SW3_IRQHandler
                0x000048f2                KERNEL0_IRQHandler
                0x000048f2                FRC_IRQHandler
                0x000048f2                KERNEL1_IRQHandler
                0x000048f2                AGC_IRQHandler
                0x000048f2                sl_app_properties
                0x000048f2                BURTC_IRQHandler
                0x000048f2                LFRCO_IRQHandler
                0x000048f2                USART0_RX_IRQHandler
                0x000048f2                MemManage_Handler
                0x000048f2                RDMAILBOX_IRQHandler
                0x000048f2                SVC_Handler
                0x000048f2                SMU_S_PRIVILEGED_IRQHandler
                0x000048f2                SW1_IRQHandler
                0x000048f2                CMU_IRQHandler
                0x000048f2                RAC_RSM_IRQHandler
                0x000048f2                EUART0_TX_IRQHandler
                0x000048f2                EUART0_RX_IRQHandler
                0x000048f2                GPIO_ODD_IRQHandler
                0x000048f2                AES_IRQHandler
                0x000048f2                M33CTI0_IRQHandler
                0x000048f2                ICACHE0_IRQHandler
                0x000048f2                SMU_NS_PRIVILEGED_IRQHandler
                0x000048f2                PROTIMER_IRQHandler
                0x000048f2                BusFault_Handler
                0x000048f2                TRNG_IRQHandler
 .text.SystemCLKIN0Get
                0x000048f4        0x4 ./gecko_sdk_4.3.0/platform/Device/SiliconLabs/BGM22/Source/system_bgm22.o
                0x000048f4                SystemCLKIN0Get
 .text.SystemLFRCOClockGet
                0x000048f8        0x6 ./gecko_sdk_4.3.0/platform/Device/SiliconLabs/BGM22/Source/system_bgm22.o
                0x000048f8                SystemLFRCOClockGet
 .text.SystemULFRCOClockGet
                0x000048fe        0x6 ./gecko_sdk_4.3.0/platform/Device/SiliconLabs/BGM22/Source/system_bgm22.o
                0x000048fe                SystemULFRCOClockGet
 .text.assertEFM
                0x00004904        0x2 ./gecko_sdk_4.3.0/platform/common/src/sl_assert.o
                0x00004904                assertEFM
 .text.sl_debug_swo_enable_itm
                0x00004906       0x18 ./gecko_sdk_4.3.0/platform/driver/debug/src/sl_debug_swo.o
                0x00004906                sl_debug_swo_enable_itm
 .text.waitStateMax
                0x0000491e       0x10 ./gecko_sdk_4.3.0/platform/emlib/src/em_cmu.o
 .text.CMU_UpdateWaitStates
                0x0000492e        0xc ./gecko_sdk_4.3.0/platform/emlib/src/em_cmu.o
                0x0000492e                CMU_UpdateWaitStates
 .text.pclkDivMax
                0x0000493a        0xa ./gecko_sdk_4.3.0/platform/emlib/src/em_cmu.o
 .text.sli_em_cmu_SYSCLKInitPostClockSelect
                0x00004944       0x2a ./gecko_sdk_4.3.0/platform/emlib/src/em_cmu.o
                0x00004944                sli_em_cmu_SYSCLKInitPostClockSelect
 .text.CORE_EnterCritical
                0x0000496e        0x8 ./gecko_sdk_4.3.0/platform/emlib/src/em_core.o
                0x0000496e                CORE_EnterCritical
 .text.CORE_ExitCritical
                0x00004976        0x6 ./gecko_sdk_4.3.0/platform/emlib/src/em_core.o
                0x00004976                CORE_ExitCritical
 .text.CORE_EnterAtomic
                0x0000497c        0xc ./gecko_sdk_4.3.0/platform/emlib/src/em_core.o
                0x0000497c                CORE_EnterAtomic
 .text.CORE_ExitAtomic
                0x00004988        0x6 ./gecko_sdk_4.3.0/platform/emlib/src/em_core.o
                0x00004988                CORE_ExitAtomic
 .text.EMU_EFPEM01VScale
                0x0000498e        0x2 ./gecko_sdk_4.3.0/platform/emlib/src/em_emu.o
                0x0000498e                EMU_EFPEM01VScale
 .text.EMU_DCDCUpdatedHook
                0x00004990        0x2 ./gecko_sdk_4.3.0/platform/emlib/src/em_emu.o
                0x00004990                EMU_DCDCUpdatedHook
 .text.BUS_RegMaskedWrite
                0x00004992       0x22 ./gecko_sdk_4.3.0/platform/emlib/src/em_gpio.o
 .text.GPIO_DbgLocationSet
                0x000049b4        0x2 ./gecko_sdk_4.3.0/platform/emlib/src/em_gpio.o
                0x000049b4                GPIO_DbgLocationSet
 .text.RTCC_SyncWait
                0x000049b6       0x10 ./gecko_sdk_4.3.0/platform/emlib/src/em_rtcc.o
 .text.sl_iostream_write
                0x000049c6       0x28 ./gecko_sdk_4.3.0/platform/service/iostream/src/sl_iostream.o
                0x000049c6                sl_iostream_write
 .text.sl_iostream_read
                0x000049ee       0x32 ./gecko_sdk_4.3.0/platform/service/iostream/src/sl_iostream.o
                0x000049ee                sl_iostream_read
 .text.sl_iostream_putchar
                0x00004a20       0x16 ./gecko_sdk_4.3.0/platform/service/iostream/src/sl_iostream.o
                0x00004a20                sl_iostream_putchar
 .text._close   0x00004a36        0x4 ./gecko_sdk_4.3.0/platform/service/iostream/src/sl_iostream_retarget_stdio.o
                0x00004a36                _close
 .text._exit    0x00004a3a        0x2 ./gecko_sdk_4.3.0/platform/service/iostream/src/sl_iostream_retarget_stdio.o
                0x00004a3a                _exit
 .text._fstat   0x00004a3c        0xa ./gecko_sdk_4.3.0/platform/service/iostream/src/sl_iostream_retarget_stdio.o
                0x00004a3c                _fstat
 .text._lseek   0x00004a46        0x4 ./gecko_sdk_4.3.0/platform/service/iostream/src/sl_iostream_retarget_stdio.o
                0x00004a46                _lseek
 .text._read    0x00004a4a       0x1c ./gecko_sdk_4.3.0/platform/service/iostream/src/sl_iostream_retarget_stdio.o
                0x00004a4a                _read
 .text.rtt_read
                0x00004a66       0x16 ./gecko_sdk_4.3.0/platform/service/iostream/src/sl_iostream_rtt.o
 .text.rtt_write
                0x00004a7c        0xc ./gecko_sdk_4.3.0/platform/service/iostream/src/sl_iostream_rtt.o
 .text.swo_write
                0x00004a88       0x1e ./gecko_sdk_4.3.0/platform/service/iostream/src/sl_iostream_swo.o
 .text.delay_callback
                0x00004aa6        0x6 ./gecko_sdk_4.3.0/platform/service/sleeptimer/src/sl_sleeptimer.o
 .text.sl_sleeptimer_start_timer
                0x00004aac       0x48 ./gecko_sdk_4.3.0/platform/service/sleeptimer/src/sl_sleeptimer.o
                0x00004aac                sl_sleeptimer_start_timer
 .text.CMU_PrescToLog2.constprop.0
                0x00004af4        0x4 ./gecko_sdk_4.3.0/platform/service/sleeptimer/src/sl_sleeptimer_hal_rtcc.o
 .text.sleeptimer_hal_get_counter
                0x00004af8        0xe ./gecko_sdk_4.3.0/platform/service/sleeptimer/src/sl_sleeptimer_hal_rtcc.o
                0x00004af8                sleeptimer_hal_get_counter
 .text.sleeptimer_hal_enable_int
                0x00004b06       0x18 ./gecko_sdk_4.3.0/platform/service/sleeptimer/src/sl_sleeptimer_hal_rtcc.o
                0x00004b06                sleeptimer_hal_enable_int
 .text.sleeptimer_hal_get_timer_frequency
                0x00004b1e       0x14 ./gecko_sdk_4.3.0/platform/service/sleeptimer/src/sl_sleeptimer_hal_rtcc.o
                0x00004b1e                sleeptimer_hal_get_timer_frequency
 .text.sl_system_init
                0x00004b32       0x1a ./gecko_sdk_4.3.0/platform/service/system/src/sl_system_init.o
                0x00004b32                sl_system_init
 .text.sl_system_process_action
                0x00004b4c       0x16 ./gecko_sdk_4.3.0/platform/service/system/src/sl_system_process_action.o
                0x00004b4c                sl_system_process_action
 .text._out_null
                0x00004b62        0x2 ./gecko_sdk_4.3.0/util/third_party/printf/printf.o
 .text._out_rev
                0x00004b64       0x86 ./gecko_sdk_4.3.0/util/third_party/printf/printf.o
 .text._ntoa_format
                0x00004bea      0x10a ./gecko_sdk_4.3.0/util/third_party/printf/printf.o
 .text._ntoa_long
                0x00004cf4       0x84 ./gecko_sdk_4.3.0/util/third_party/printf/printf.o
 .text._ntoa_long_long
                0x00004d78       0xb6 ./gecko_sdk_4.3.0/util/third_party/printf/printf.o
 .text._out_char
                0x00004e2e        0x8 ./gecko_sdk_4.3.0/util/third_party/printf/printf.o
 .text._putchar
                0x00004e36        0x8 ./gecko_sdk_4.3.0/util/third_party/printf/src/iostream_printf.o
                0x00004e36                _putchar
 .text._GetAvailWriteSpace
                0x00004e3e       0x12 ./gecko_sdk_4.3.0/util/third_party/segger/systemview/SEGGER/SEGGER_RTT.o
 .text._WriteNoCheck
                0x00004e50       0x38 ./gecko_sdk_4.3.0/util/third_party/segger/systemview/SEGGER/SEGGER_RTT.o
 .text._WriteBlocking
                0x00004e88       0x52 ./gecko_sdk_4.3.0/util/third_party/segger/systemview/SEGGER/SEGGER_RTT.o
 .text.SEGGER_RTT_Read
                0x00004eda       0x1c ./gecko_sdk_4.3.0/util/third_party/segger/systemview/SEGGER/SEGGER_RTT.o
                0x00004eda                SEGGER_RTT_Read
 .text.memcpy   0x00004ef6       0x1a d:/simplicity studio 5/developer/toolchains/gnu_arm/10.3_2021.10/bin/../lib/gcc/arm-none-eabi/10.3.1/../../../../arm-none-eabi/lib/thumb/v8-m.main+fp/hard\libc_nano.a(lib_a-memcpy-stub.o)
                0x00004ef6                memcpy
 .text.memset   0x00004f10       0x10 d:/simplicity studio 5/developer/toolchains/gnu_arm/10.3_2021.10/bin/../lib/gcc/arm-none-eabi/10.3.1/../../../../arm-none-eabi/lib/thumb/v8-m.main+fp/hard\libc_nano.a(lib_a-memset.o)
                0x00004f10                memset
 .text.__sfmoreglue
                0x00004f20       0x2c d:/simplicity studio 5/developer/toolchains/gnu_arm/10.3_2021.10/bin/../lib/gcc/arm-none-eabi/10.3.1/../../../../arm-none-eabi/lib/thumb/v8-m.main+fp/hard\libc_nano.a(lib_a-findfp.o)
                0x00004f20                __sfmoreglue
 .text._fwalk_reent
                0x00004f4c       0x3e d:/simplicity studio 5/developer/toolchains/gnu_arm/10.3_2021.10/bin/../lib/gcc/arm-none-eabi/10.3.1/../../../../arm-none-eabi/lib/thumb/v8-m.main+fp/hard\libc_nano.a(lib_a-fwalk.o)
                0x00004f4c                _fwalk_reent
 .text.__retarget_lock_init_recursive
                0x00004f8a        0x2 d:/simplicity studio 5/developer/toolchains/gnu_arm/10.3_2021.10/bin/../lib/gcc/arm-none-eabi/10.3.1/../../../../arm-none-eabi/lib/thumb/v8-m.main+fp/hard\libc_nano.a(lib_a-lock.o)
                0x00004f8a                __retarget_lock_init_recursive
 .text.__retarget_lock_acquire_recursive
                0x00004f8c        0x2 d:/simplicity studio 5/developer/toolchains/gnu_arm/10.3_2021.10/bin/../lib/gcc/arm-none-eabi/10.3.1/../../../../arm-none-eabi/lib/thumb/v8-m.main+fp/hard\libc_nano.a(lib_a-lock.o)
                0x00004f8c                __retarget_lock_acquire_recursive
 .text.__retarget_lock_release_recursive
                0x00004f8e        0x2 d:/simplicity studio 5/developer/toolchains/gnu_arm/10.3_2021.10/bin/../lib/gcc/arm-none-eabi/10.3.1/../../../../arm-none-eabi/lib/thumb/v8-m.main+fp/hard\libc_nano.a(lib_a-lock.o)
                0x00004f8e                __retarget_lock_release_recursive
 .text.__swhatbuf_r
                0x00004f90       0x4a d:/simplicity studio 5/developer/toolchains/gnu_arm/10.3_2021.10/bin/../lib/gcc/arm-none-eabi/10.3.1/../../../../arm-none-eabi/lib/thumb/v8-m.main+fp/hard\libc_nano.a(lib_a-makebuf.o)
                0x00004f90                __swhatbuf_r
 .text.__sread  0x00004fda       0x22 d:/simplicity studio 5/developer/toolchains/gnu_arm/10.3_2021.10/bin/../lib/gcc/arm-none-eabi/10.3.1/../../../../arm-none-eabi/lib/thumb/v8-m.main+fp/hard\libc_nano.a(lib_a-stdio.o)
                0x00004fda                __sread
 .text.__swrite
                0x00004ffc       0x38 d:/simplicity studio 5/developer/toolchains/gnu_arm/10.3_2021.10/bin/../lib/gcc/arm-none-eabi/10.3.1/../../../../arm-none-eabi/lib/thumb/v8-m.main+fp/hard\libc_nano.a(lib_a-stdio.o)
                0x00004ffc                __swrite
 .text.__sseek  0x00005034       0x24 d:/simplicity studio 5/developer/toolchains/gnu_arm/10.3_2021.10/bin/../lib/gcc/arm-none-eabi/10.3.1/../../../../arm-none-eabi/lib/thumb/v8-m.main+fp/hard\libc_nano.a(lib_a-stdio.o)
                0x00005034                __sseek
 .text.__sclose
                0x00005058        0x8 d:/simplicity studio 5/developer/toolchains/gnu_arm/10.3_2021.10/bin/../lib/gcc/arm-none-eabi/10.3.1/../../../../arm-none-eabi/lib/thumb/v8-m.main+fp/hard\libc_nano.a(lib_a-stdio.o)
                0x00005058                __sclose
                0x00005060                linker_code_end = .
 *(.init)
 .init          0x00005060        0x4 d:/simplicity studio 5/developer/toolchains/gnu_arm/10.3_2021.10/bin/../lib/gcc/arm-none-eabi/10.3.1/thumb/v8-m.main+fp/hard/crti.o
                0x00005060                _init
 .init          0x00005064        0x8 d:/simplicity studio 5/developer/toolchains/gnu_arm/10.3_2021.10/bin/../lib/gcc/arm-none-eabi/10.3.1/thumb/v8-m.main+fp/hard/crtn.o
 *(.fini)
 .fini          0x0000506c        0x4 d:/simplicity studio 5/developer/toolchains/gnu_arm/10.3_2021.10/bin/../lib/gcc/arm-none-eabi/10.3.1/thumb/v8-m.main+fp/hard/crti.o
                0x0000506c                _fini
 .fini          0x00005070        0x8 d:/simplicity studio 5/developer/toolchains/gnu_arm/10.3_2021.10/bin/../lib/gcc/arm-none-eabi/10.3.1/thumb/v8-m.main+fp/hard/crtn.o
 *crtbegin.o(.ctors)
 *crtbegin?.o(.ctors)
 *(EXCLUDE_FILE(*crtend.o *crtend?.o) .ctors)
 *(SORT_BY_NAME(.ctors.*))
 *(.ctors)
 *crtbegin.o(.dtors)
 *crtbegin?.o(.dtors)
 *(EXCLUDE_FILE(*crtend.o *crtend?.o) .dtors)
 *(SORT_BY_NAME(.dtors.*))
 *(.dtors)
 *(.rodata*)
 .rodata.AHT20_begin.str1.1
                0x00005078        0x3 ./AHT20.o
 .rodata.AHT20_cmd.str1.1
                0x0000507b        0x3 ./AHT20.o
 .rodata.printf_temp_humi_data.str1.1
                0x0000507e       0x46 ./AHT20.o
 .rodata.app_init.str1.1
                0x000050c4       0x28 ./app.o
 .rodata.I2CSPM_Init.str1.1
                0x000050ec       0xa2 ./gecko_sdk_4.3.0/platform/driver/i2cspm/src/sl_i2cspm.o
 .rodata.HFRCODPLLDevinfoGet.str1.1
                0x0000518e       0x4b ./gecko_sdk_4.3.0/platform/emlib/src/em_cmu.o
 .rodata.EMU_VScaleEM01.str1.1
                0x000051d9       0x4b ./gecko_sdk_4.3.0/platform/emlib/src/em_emu.o
 .rodata.GPIO_PinOutSet.str1.1
                0x00005224       0x4c ./gecko_sdk_4.3.0/platform/emlib/src/em_gpio.o
 .rodata.GPIO_ExtIntConfig.str1.1
                0x00005224       0x4c ./gecko_sdk_4.3.0/platform/emlib/src/em_gpio.o
 .rodata.I2C_BusFreqGet.str1.1
                0x00005270       0x4b ./gecko_sdk_4.3.0/platform/emlib/src/em_i2c.o
 *fill*         0x000052bb        0x1 
 .rodata.CSWTCH.13
                0x000052bc        0xc ./gecko_sdk_4.3.0/platform/emlib/src/em_i2c.o
 .rodata.CSWTCH.14
                0x000052c8        0xc ./gecko_sdk_4.3.0/platform/emlib/src/em_i2c.o
 .rodata.i2cNSum
                0x000052d4        0x4 ./gecko_sdk_4.3.0/platform/emlib/src/em_i2c.o
 .rodata.RTCC_ChannelInit.str1.1
                0x000052d8       0x4c ./gecko_sdk_4.3.0/platform/emlib/src/em_rtcc.o
 .rodata        0x00005324        0x8 ./gecko_sdk_4.3.0/platform/service/device_init/src/sl_device_init_dcdc_s2.o
 .rodata        0x0000532c       0x28 ./gecko_sdk_4.3.0/platform/service/device_init/src/sl_device_init_hfxo_s2.o
 .rodata        0x00005354       0x14 ./gecko_sdk_4.3.0/platform/service/device_init/src/sl_device_init_lfxo_s2.o
 .rodata._write.str1.1
                0x00005368       0x6a ./gecko_sdk_4.3.0/platform/service/iostream/src/sl_iostream_retarget_stdio.o
 .rodata.process_timer_irq.str1.1
                0x000053d2       0x5f ./gecko_sdk_4.3.0/platform/service/sleeptimer/src/sl_sleeptimer.o
 .rodata        0x00005431        0xb ./gecko_sdk_4.3.0/platform/service/sleeptimer/src/sl_sleeptimer_hal_rtcc.o
 .rodata.sl_udelay_wait.str1.1
                0x0000543c       0x57 ./gecko_sdk_4.3.0/platform/service/udelay/src/sl_udelay.o
 .rodata._ftoa.str1.1
                0x00005493       0x12 ./gecko_sdk_4.3.0/util/third_party/printf/printf.o
 *fill*         0x000054a5        0x3 
 .rodata.pow10.0
                0x000054a8       0x50 ./gecko_sdk_4.3.0/util/third_party/printf/printf.o
 .rodata._DoInit.str1.1
                0x000054f8        0x9 ./gecko_sdk_4.3.0/util/third_party/segger/systemview/SEGGER/SEGGER_RTT.o
 .rodata._aInitStr.0
                0x00005501       0x11 ./gecko_sdk_4.3.0/util/third_party/segger/systemview/SEGGER/SEGGER_RTT.o
 *fill*         0x00005512        0x2 
 .rodata._global_impure_ptr
                0x00005514        0x4 d:/simplicity studio 5/developer/toolchains/gnu_arm/10.3_2021.10/bin/../lib/gcc/arm-none-eabi/10.3.1/../../../../arm-none-eabi/lib/thumb/v8-m.main+fp/hard\libc_nano.a(lib_a-impure.o)
                0x00005514                _global_impure_ptr
 .rodata.__sf_fake_stderr
                0x00005518       0x20 d:/simplicity studio 5/developer/toolchains/gnu_arm/10.3_2021.10/bin/../lib/gcc/arm-none-eabi/10.3.1/../../../../arm-none-eabi/lib/thumb/v8-m.main+fp/hard\libc_nano.a(lib_a-findfp.o)
                0x00005518                __sf_fake_stderr
 .rodata.__sf_fake_stdin
                0x00005538       0x20 d:/simplicity studio 5/developer/toolchains/gnu_arm/10.3_2021.10/bin/../lib/gcc/arm-none-eabi/10.3.1/../../../../arm-none-eabi/lib/thumb/v8-m.main+fp/hard\libc_nano.a(lib_a-findfp.o)
                0x00005538                __sf_fake_stdin
 .rodata.__sf_fake_stdout
                0x00005558       0x20 d:/simplicity studio 5/developer/toolchains/gnu_arm/10.3_2021.10/bin/../lib/gcc/arm-none-eabi/10.3.1/../../../../arm-none-eabi/lib/thumb/v8-m.main+fp/hard\libc_nano.a(lib_a-findfp.o)
                0x00005558                __sf_fake_stdout
 *(.eh_frame*)
 .eh_frame      0x00005578        0x0 d:/simplicity studio 5/developer/toolchains/gnu_arm/10.3_2021.10/bin/../lib/gcc/arm-none-eabi/10.3.1/thumb/v8-m.main+fp/hard/crtbegin.o

.glue_7         0x00005578        0x0
 .glue_7        0x00005578        0x0 linker stubs

.glue_7t        0x00005578        0x0
 .glue_7t       0x00005578        0x0 linker stubs

.vfp11_veneer   0x00005578        0x0
 .vfp11_veneer  0x00005578        0x0 linker stubs

.v4_bx          0x00005578        0x0
 .v4_bx         0x00005578        0x0 linker stubs

.iplt           0x00005578        0x0
 .iplt          0x00005578        0x0 d:/simplicity studio 5/developer/toolchains/gnu_arm/10.3_2021.10/bin/../lib/gcc/arm-none-eabi/10.3.1/thumb/v8-m.main+fp/hard/crtbegin.o

.ARM.extab
 *(.ARM.extab* .gnu.linkonce.armextab.*)
                0x00005578                __exidx_start = .

.ARM.exidx      0x00005578        0x8
 *(.ARM.exidx* .gnu.linkonce.armexidx.*)
 .ARM.exidx     0x00005578        0x8 d:/simplicity studio 5/developer/toolchains/gnu_arm/10.3_2021.10/bin/../lib/gcc/arm-none-eabi/10.3.1/../../../../arm-none-eabi/lib/thumb/v8-m.main+fp/hard/crt0.o
                                 0x10 (size before relaxing)
 .ARM.exidx     0x00005580        0x0 d:/simplicity studio 5/developer/toolchains/gnu_arm/10.3_2021.10/bin/../lib/gcc/arm-none-eabi/10.3.1/thumb/v8-m.main+fp/hard\libgcc.a(_udivmoddi4.o)
                                  0x8 (size before relaxing)
                0x00005580                __exidx_end = .

.rel.dyn        0x00005580        0x0
 .rel.iplt      0x00005580        0x0 d:/simplicity studio 5/developer/toolchains/gnu_arm/10.3_2021.10/bin/../lib/gcc/arm-none-eabi/10.3.1/thumb/v8-m.main+fp/hard/crtbegin.o

.copy.table     0x00005580        0xc
                0x00005580                . = ALIGN (0x4)
                0x00005580                __copy_table_start__ = .
                0x00005580        0x4 LONG 0x558c __etext
                0x00005584        0x4 LONG 0x20001000 __data_start__
                0x00005588        0x4 LONG 0x32a ((__data_end__ - __data_start__) / 0x4)
                0x0000558c                __copy_table_end__ = .

.zero.table     0x0000558c        0x0
                0x0000558c                . = ALIGN (0x4)
                0x0000558c                __zero_table_start__ = .
                0x0000558c                __zero_table_end__ = .
                0x0000558c                __etext = .
                0x20000000                . = ORIGIN (RAM)

.stack          0x20000000     0x1000
                0x20000000                __StackLimit = .
 *(.stack*)
 .stack         0x20000000     0x1000 ./gecko_sdk_4.3.0/platform/common/toolchain/src/sl_memory.o
                0x20001000                . = ALIGN (0x4)
                0x20001000                __StackTop = .
                0x20001000                PROVIDE (__stack = __StackTop)

.noinit
 *(.noinit*)

.data           0x20001000      0xca8 load address 0x0000558c
                0x20001000                . = ALIGN (0x4)
                0x20001000                __data_start__ = .
 *(vtable)
 *(SORT_BY_ALIGNMENT(.data*))
 .data.init_AHT20
                0x20001000       0x14 ./autogen/sl_i2cspm_init.o
                0x20001000                init_AHT20
 .data.SystemCoreClock
                0x20001014        0x4 ./gecko_sdk_4.3.0/platform/Device/SiliconLabs/BGM22/Source/system_bgm22.o
                0x20001014                SystemCoreClock
 .data.SystemHFRCODPLLClock
                0x20001018        0x4 ./gecko_sdk_4.3.0/platform/Device/SiliconLabs/BGM22/Source/system_bgm22.o
 .data.SystemHFXOClock
                0x2000101c        0x4 ./gecko_sdk_4.3.0/platform/Device/SiliconLabs/BGM22/Source/system_bgm22.o
 .data.SystemLFXOClock
                0x20001020        0x4 ./gecko_sdk_4.3.0/platform/Device/SiliconLabs/BGM22/Source/system_bgm22.o
 .data.heap_end.0
                0x20001024        0x4 ./gecko_sdk_4.3.0/platform/common/toolchain/src/sl_memory.o
 .data.sl_iostream_rtt
                0x20001028        0xc ./gecko_sdk_4.3.0/platform/service/iostream/src/sl_iostream_rtt.o
 .data.sl_iostream_swo
                0x20001034        0xc ./gecko_sdk_4.3.0/platform/service/iostream/src/sl_iostream_swo.o
 .data._impure_ptr
                0x20001040        0x4 d:/simplicity studio 5/developer/toolchains/gnu_arm/10.3_2021.10/bin/../lib/gcc/arm-none-eabi/10.3.1/../../../../arm-none-eabi/lib/thumb/v8-m.main+fp/hard\libc_nano.a(lib_a-impure.o)
                0x20001040                _impure_ptr
 .data.impure_data
                0x20001044       0x60 d:/simplicity studio 5/developer/toolchains/gnu_arm/10.3_2021.10/bin/../lib/gcc/arm-none-eabi/10.3.1/../../../../arm-none-eabi/lib/thumb/v8-m.main+fp/hard\libc_nano.a(lib_a-impure.o)
 .data.hfxo_precision
                0x200010a4        0x2 ./gecko_sdk_4.3.0/platform/emlib/src/em_cmu.o
 .data.lfxo_precision
                0x200010a6        0x2 ./gecko_sdk_4.3.0/platform/emlib/src/em_cmu.o
 .data.level_filter_enabled
                0x200010a8        0x1 ./gecko_sdk_4.3.0/app/common/util/app_log/app_log.o
 .data.level_filter_threshold
                0x200010a9        0x1 ./gecko_sdk_4.3.0/app/common/util/app_log/app_log.o
 .data.level_mask
                0x200010aa        0x1 ./gecko_sdk_4.3.0/app/common/util/app_log/app_log.o
 .data.cc_disabled
                0x200010ab        0x1 ./gecko_sdk_4.3.0/platform/service/sleeptimer/src/sl_sleeptimer_hal_rtcc.o
                0x200010ac                . = ALIGN (0x4)
                [!provide]                PROVIDE (__ram_func_section_start = .)
 *(.ram)
                [!provide]                PROVIDE (__ram_func_section_end = .)
                0x200010ac                . = ALIGN (0x4)
                0x200010ac                PROVIDE (__preinit_array_start = .)
 *(.preinit_array)
                0x200010ac                PROVIDE (__preinit_array_end = .)
                0x200010ac                . = ALIGN (0x4)
                0x200010ac                PROVIDE (__init_array_start = .)
 *(SORT_BY_NAME(.init_array.*))
 *(.init_array)
 .init_array    0x200010ac        0x4 d:/simplicity studio 5/developer/toolchains/gnu_arm/10.3_2021.10/bin/../lib/gcc/arm-none-eabi/10.3.1/thumb/v8-m.main+fp/hard/crtbegin.o
                0x200010b0                PROVIDE (__init_array_end = .)
                0x200010b0                . = ALIGN (0x4)
                [!provide]                PROVIDE (__fini_array_start = .)
 *(SORT_BY_NAME(.fini_array.*))
 *(.fini_array)
 .fini_array    0x200010b0        0x4 d:/simplicity studio 5/developer/toolchains/gnu_arm/10.3_2021.10/bin/../lib/gcc/arm-none-eabi/10.3.1/thumb/v8-m.main+fp/hard/crtbegin.o
                [!provide]                PROVIDE (__fini_array_end = .)
                0x200010b4                . = ALIGN (0x4)
 *(SEGGER_RTT)
 *fill*         0x200010b4      0x34c 
 SEGGER_RTT     0x20001400      0x8a8 ./gecko_sdk_4.3.0/util/third_party/segger/systemview/SEGGER/SEGGER_RTT.o
                0x20001400                _SEGGER_RTT
                0x20001ca8                . = ALIGN (0x4)
                0x20001ca8                __data_end__ = .

.igot.plt       0x20001ca8        0x0 load address 0x00006234
 .igot.plt      0x20001ca8        0x0 d:/simplicity studio 5/developer/toolchains/gnu_arm/10.3_2021.10/bin/../lib/gcc/arm-none-eabi/10.3.1/thumb/v8-m.main+fp/hard/crtbegin.o

.bss            0x20001ca8       0x7c load address 0x00006234
                0x20001ca8                . = ALIGN (0x4)
                0x20001ca8                __bss_start__ = .
 *(SORT_BY_ALIGNMENT(.bss*))
 .bss           0x20001ca8       0x1c d:/simplicity studio 5/developer/toolchains/gnu_arm/10.3_2021.10/bin/../lib/gcc/arm-none-eabi/10.3.1/thumb/v8-m.main+fp/hard/crtbegin.o
 .bss.humidity_raw
                0x20001cc4        0x4 ./AHT20.o
                0x20001cc4                humidity_raw
 .bss.humidity_s
                0x20001cc8        0x4 ./AHT20.o
                0x20001cc8                humidity_s
 .bss.temperature_raw
                0x20001ccc        0x4 ./AHT20.o
                0x20001ccc                temperature_raw
 .bss.temperature_s
                0x20001cd0        0x4 ./AHT20.o
                0x20001cd0                temperature_s
 .bss.app_log_iostream
                0x20001cd4        0x4 ./gecko_sdk_4.3.0/app/common/util/app_log/app_log.o
                0x20001cd4                app_log_iostream
 .bss.i2cTransfer
                0x20001cd8       0x18 ./gecko_sdk_4.3.0/platform/emlib/src/em_i2c.o
 .bss.sli_iostream_default
                0x20001cf0        0x4 ./gecko_sdk_4.3.0/platform/service/iostream/src/sl_iostream.o
 .bss.last_delta_update_count
                0x20001cf4        0x4 ./gecko_sdk_4.3.0/platform/service/sleeptimer/src/sl_sleeptimer.o
 .bss.max_millisecond_conversion
                0x20001cf8        0x4 ./gecko_sdk_4.3.0/platform/service/sleeptimer/src/sl_sleeptimer.o
 .bss.timer_frequency
                0x20001cfc        0x4 ./gecko_sdk_4.3.0/platform/service/sleeptimer/src/sl_sleeptimer.o
 .bss.timer_head
                0x20001d00        0x4 ./gecko_sdk_4.3.0/platform/service/sleeptimer/src/sl_sleeptimer.o
 .bss.__malloc_free_list
                0x20001d04        0x4 d:/simplicity studio 5/developer/toolchains/gnu_arm/10.3_2021.10/bin/../lib/gcc/arm-none-eabi/10.3.1/../../../../arm-none-eabi/lib/thumb/v8-m.main+fp/hard\libc_nano.a(lib_a-nano-mallocr.o)
                0x20001d04                __malloc_free_list
 .bss.__malloc_sbrk_start
                0x20001d08        0x4 d:/simplicity studio 5/developer/toolchains/gnu_arm/10.3_2021.10/bin/../lib/gcc/arm-none-eabi/10.3.1/../../../../arm-none-eabi/lib/thumb/v8-m.main+fp/hard\libc_nano.a(lib_a-nano-mallocr.o)
                0x20001d08                __malloc_sbrk_start
 .bss.errno     0x20001d0c        0x4 d:/simplicity studio 5/developer/toolchains/gnu_arm/10.3_2021.10/bin/../lib/gcc/arm-none-eabi/10.3.1/../../../../arm-none-eabi/lib/thumb/v8-m.main+fp/hard\libc_nano.a(lib_a-reent.o)
                0x20001d0c                errno
 .bss.overflow_counter
                0x20001d10        0x2 ./gecko_sdk_4.3.0/platform/service/sleeptimer/src/sl_sleeptimer.o
 .bss.readData1
                0x20001d12        0x1 ./AHT20.o
                0x20001d12                readData1
 .bss.readData2
                0x20001d13        0x6 ./AHT20.o
                0x20001d13                readData2
 .bss.level_mask_enabled
                0x20001d19        0x1 ./gecko_sdk_4.3.0/app/common/util/app_log/app_log.o
 .bss.ctuneDelta
                0x20001d1a        0x1 ./gecko_sdk_4.3.0/platform/emlib/src/em_cmu.o
 .bss.vScaleEM01Config
                0x20001d1b        0x1 ./gecko_sdk_4.3.0/platform/emlib/src/em_emu.o
 .bss.is_sleeptimer_initialized
                0x20001d1c        0x1 ./gecko_sdk_4.3.0/platform/service/sleeptimer/src/sl_sleeptimer.o
 .bss.next_timer_to_expire_is_power_manager
                0x20001d1d        0x1 ./gecko_sdk_4.3.0/platform/service/sleeptimer/src/sl_sleeptimer.o
 .bss.sleep_on_isr_exit
                0x20001d1e        0x1 ./gecko_sdk_4.3.0/platform/service/sleeptimer/src/sl_sleeptimer.o
 .bss.__lock___malloc_recursive_mutex
                0x20001d1f        0x1 d:/simplicity studio 5/developer/toolchains/gnu_arm/10.3_2021.10/bin/../lib/gcc/arm-none-eabi/10.3.1/../../../../arm-none-eabi/lib/thumb/v8-m.main+fp/hard\libc_nano.a(lib_a-lock.o)
                0x20001d1f                __lock___malloc_recursive_mutex
 .bss.__lock___sfp_recursive_mutex
                0x20001d20        0x1 d:/simplicity studio 5/developer/toolchains/gnu_arm/10.3_2021.10/bin/../lib/gcc/arm-none-eabi/10.3.1/../../../../arm-none-eabi/lib/thumb/v8-m.main+fp/hard\libc_nano.a(lib_a-lock.o)
                0x20001d20                __lock___sfp_recursive_mutex
 .bss.__lock___sinit_recursive_mutex
                0x20001d21        0x1 d:/simplicity studio 5/developer/toolchains/gnu_arm/10.3_2021.10/bin/../lib/gcc/arm-none-eabi/10.3.1/../../../../arm-none-eabi/lib/thumb/v8-m.main+fp/hard\libc_nano.a(lib_a-lock.o)
                0x20001d21                __lock___sinit_recursive_mutex
 *(COMMON)
                0x20001d24                . = ALIGN (0x4)
 *fill*         0x20001d22        0x2 
                0x20001d24                __bss_end__ = .

.heap           0x20001d28      0x800
                0x20001d28                __HeapBase = .
                0x20001d28                __end__ = .
                0x20001d28                end = __end__
                0x20001d28                _end = __end__
 *(.heap*)
 .heap          0x20001d28      0x800 ./gecko_sdk_4.3.0/platform/common/toolchain/src/sl_memory.o
                0x20008000                __HeapLimit = (ORIGIN (RAM) + LENGTH (RAM))
                0x000062d8                __heap_size = (__HeapLimit - __HeapBase)
                0x20008000                __ram_end__ = 0x20008000
                0x0007e000                __main_flash_end__ = 0x7e000

.internal_storage
                0x0000558c        0x0
 *(.internal_storage*)

.nvm            0x0000558c        0x0
 *(.simee*)
                0x0007e000                linker_nvm_end = __main_flash_end__
                0x0007e000                linker_nvm_begin = (linker_nvm_end - SIZEOF (.nvm))
                0x00000000                linker_nvm_size = SIZEOF (.nvm)
                0x0007e000                linker_storage_end = linker_nvm_begin
                0x0007e000                __nvm3Base = linker_nvm_begin
                0x0007e000                linker_storage_begin = (linker_storage_end - SIZEOF (.internal_storage))
                0x00000000                linker_storage_size = SIZEOF (.internal_storage)
                0x00000001                ASSERT ((linker_storage_begin >= (__etext + SIZEOF (.data))), FLASH memory overflowed !)
OUTPUT(AHT20V4.axf elf32-littlearm)
LOAD linker stubs

.ARM.attributes
                0x00000000       0x36
 .ARM.attributes
                0x00000000       0x22 d:/simplicity studio 5/developer/toolchains/gnu_arm/10.3_2021.10/bin/../lib/gcc/arm-none-eabi/10.3.1/thumb/v8-m.main+fp/hard/crti.o
 .ARM.attributes
                0x00000022       0x38 d:/simplicity studio 5/developer/toolchains/gnu_arm/10.3_2021.10/bin/../lib/gcc/arm-none-eabi/10.3.1/thumb/v8-m.main+fp/hard/crtbegin.o
 .ARM.attributes
                0x0000005a       0x20 d:/simplicity studio 5/developer/toolchains/gnu_arm/10.3_2021.10/bin/../lib/gcc/arm-none-eabi/10.3.1/../../../../arm-none-eabi/lib/thumb/v8-m.main+fp/hard/crt0.o
 .ARM.attributes
                0x0000007a       0x3a ./AHT20.o
 .ARM.attributes
                0x000000b4       0x3a ./app.o
 .ARM.attributes
                0x000000ee       0x3a ./main.o
 .ARM.attributes
                0x00000128       0x3a ./autogen/sl_board_default_init.o
 .ARM.attributes
                0x00000162       0x3a ./autogen/sl_device_init_clocks.o
 .ARM.attributes
                0x0000019c       0x3a ./autogen/sl_emlib_gpio_simple_init.o
 .ARM.attributes
                0x000001d6       0x3a ./autogen/sl_event_handler.o
 .ARM.attributes
                0x00000210       0x3a ./autogen/sl_i2cspm_init.o
 .ARM.attributes
                0x0000024a       0x3a ./gecko_sdk_4.3.0/app/common/util/app_log/app_log.o
 .ARM.attributes
                0x00000284       0x3a ./gecko_sdk_4.3.0/hardware/board/src/sl_board_control_gpio.o
 .ARM.attributes
                0x000002be       0x3a ./gecko_sdk_4.3.0/hardware/board/src/sl_board_init.o
 .ARM.attributes
                0x000002f8       0x3a ./gecko_sdk_4.3.0/platform/Device/SiliconLabs/BGM22/Source/startup_bgm22.o
 .ARM.attributes
                0x00000332       0x3a ./gecko_sdk_4.3.0/platform/Device/SiliconLabs/BGM22/Source/system_bgm22.o
 .ARM.attributes
                0x0000036c       0x3a ./gecko_sdk_4.3.0/platform/common/src/sl_assert.o
 .ARM.attributes
                0x000003a6       0x3a ./gecko_sdk_4.3.0/platform/common/toolchain/src/sl_memory.o
 .ARM.attributes
                0x000003e0       0x3a ./gecko_sdk_4.3.0/platform/driver/debug/src/sl_debug_swo.o
 .ARM.attributes
                0x0000041a       0x3a ./gecko_sdk_4.3.0/platform/driver/i2cspm/src/sl_i2cspm.o
 .ARM.attributes
                0x00000454       0x3a ./gecko_sdk_4.3.0/platform/emlib/src/em_cmu.o
 .ARM.attributes
                0x0000048e       0x3a ./gecko_sdk_4.3.0/platform/emlib/src/em_core.o
 .ARM.attributes
                0x000004c8       0x3a ./gecko_sdk_4.3.0/platform/emlib/src/em_emu.o
 .ARM.attributes
                0x00000502       0x3a ./gecko_sdk_4.3.0/platform/emlib/src/em_gpio.o
 .ARM.attributes
                0x0000053c       0x3a ./gecko_sdk_4.3.0/platform/emlib/src/em_i2c.o
 .ARM.attributes
                0x00000576       0x3a ./gecko_sdk_4.3.0/platform/emlib/src/em_rtcc.o
 .ARM.attributes
                0x000005b0       0x3a ./gecko_sdk_4.3.0/platform/emlib/src/em_system.o
 .ARM.attributes
                0x000005ea       0x3a ./gecko_sdk_4.3.0/platform/service/device_init/src/sl_device_init_dcdc_s2.o
 .ARM.attributes
                0x00000624       0x3a ./gecko_sdk_4.3.0/platform/service/device_init/src/sl_device_init_emu_s2.o
 .ARM.attributes
                0x0000065e       0x3a ./gecko_sdk_4.3.0/platform/service/device_init/src/sl_device_init_hfxo_s2.o
 .ARM.attributes
                0x00000698       0x3a ./gecko_sdk_4.3.0/platform/service/device_init/src/sl_device_init_lfxo_s2.o
 .ARM.attributes
                0x000006d2       0x3a ./gecko_sdk_4.3.0/platform/service/device_init/src/sl_device_init_nvic.o
 .ARM.attributes
                0x0000070c       0x3a ./gecko_sdk_4.3.0/platform/service/iostream/src/sl_iostream.o
 .ARM.attributes
                0x00000746       0x3a ./gecko_sdk_4.3.0/platform/service/iostream/src/sl_iostream_retarget_stdio.o
 .ARM.attributes
                0x00000780       0x3a ./gecko_sdk_4.3.0/platform/service/iostream/src/sl_iostream_rtt.o
 .ARM.attributes
                0x000007ba       0x3a ./gecko_sdk_4.3.0/platform/service/iostream/src/sl_iostream_stdlib_config.o
 .ARM.attributes
                0x000007f4       0x3a ./gecko_sdk_4.3.0/platform/service/iostream/src/sl_iostream_swo.o
 .ARM.attributes
                0x0000082e       0x3a ./gecko_sdk_4.3.0/platform/service/sleeptimer/src/sl_sleeptimer.o
 .ARM.attributes
                0x00000868       0x3a ./gecko_sdk_4.3.0/platform/service/sleeptimer/src/sl_sleeptimer_hal_rtcc.o
 .ARM.attributes
                0x000008a2       0x3a ./gecko_sdk_4.3.0/platform/service/system/src/sl_system_init.o
 .ARM.attributes
                0x000008dc       0x3a ./gecko_sdk_4.3.0/platform/service/system/src/sl_system_process_action.o
 .ARM.attributes
                0x00000916       0x3a ./gecko_sdk_4.3.0/platform/service/udelay/src/sl_udelay.o
 .ARM.attributes
                0x00000950       0x26 ./gecko_sdk_4.3.0/platform/service/udelay/src/sl_udelay_armv6m_gcc.o
 .ARM.attributes
                0x00000976       0x3a ./gecko_sdk_4.3.0/util/third_party/printf/printf.o
 .ARM.attributes
                0x000009b0       0x3a ./gecko_sdk_4.3.0/util/third_party/printf/src/iostream_printf.o
 .ARM.attributes
                0x000009ea       0x3a ./gecko_sdk_4.3.0/util/third_party/segger/systemview/SEGGER/SEGGER_RTT.o
 .ARM.attributes
                0x00000a24       0x22 d:/simplicity studio 5/developer/toolchains/gnu_arm/10.3_2021.10/bin/../lib/gcc/arm-none-eabi/10.3.1/thumb/v8-m.main+fp/hard\libgcc.a(_arm_addsubdf3.o)
 .ARM.attributes
                0x00000a46       0x22 d:/simplicity studio 5/developer/toolchains/gnu_arm/10.3_2021.10/bin/../lib/gcc/arm-none-eabi/10.3.1/thumb/v8-m.main+fp/hard\libgcc.a(_arm_muldivdf3.o)
 .ARM.attributes
                0x00000a68       0x22 d:/simplicity studio 5/developer/toolchains/gnu_arm/10.3_2021.10/bin/../lib/gcc/arm-none-eabi/10.3.1/thumb/v8-m.main+fp/hard\libgcc.a(_arm_cmpdf2.o)
 .ARM.attributes
                0x00000a8a       0x22 d:/simplicity studio 5/developer/toolchains/gnu_arm/10.3_2021.10/bin/../lib/gcc/arm-none-eabi/10.3.1/thumb/v8-m.main+fp/hard\libgcc.a(_arm_fixdfsi.o)
 .ARM.attributes
                0x00000aac       0x22 d:/simplicity studio 5/developer/toolchains/gnu_arm/10.3_2021.10/bin/../lib/gcc/arm-none-eabi/10.3.1/thumb/v8-m.main+fp/hard\libgcc.a(_arm_fixunsdfsi.o)
 .ARM.attributes
                0x00000ace       0x22 d:/simplicity studio 5/developer/toolchains/gnu_arm/10.3_2021.10/bin/../lib/gcc/arm-none-eabi/10.3.1/thumb/v8-m.main+fp/hard\libgcc.a(_aeabi_uldivmod.o)
 .ARM.attributes
                0x00000af0       0x38 d:/simplicity studio 5/developer/toolchains/gnu_arm/10.3_2021.10/bin/../lib/gcc/arm-none-eabi/10.3.1/thumb/v8-m.main+fp/hard\libgcc.a(_udivmoddi4.o)
 .ARM.attributes
                0x00000b28       0x22 d:/simplicity studio 5/developer/toolchains/gnu_arm/10.3_2021.10/bin/../lib/gcc/arm-none-eabi/10.3.1/thumb/v8-m.main+fp/hard\libgcc.a(_dvmd_tls.o)
 .ARM.attributes
                0x00000b4a       0x38 d:/simplicity studio 5/developer/toolchains/gnu_arm/10.3_2021.10/bin/../lib/gcc/arm-none-eabi/10.3.1/../../../../arm-none-eabi/lib/thumb/v8-m.main+fp/hard\libc_nano.a(lib_a-exit.o)
 .ARM.attributes
                0x00000b82       0x38 d:/simplicity studio 5/developer/toolchains/gnu_arm/10.3_2021.10/bin/../lib/gcc/arm-none-eabi/10.3.1/../../../../arm-none-eabi/lib/thumb/v8-m.main+fp/hard\libc_nano.a(lib_a-impure.o)
 .ARM.attributes
                0x00000bba       0x38 d:/simplicity studio 5/developer/toolchains/gnu_arm/10.3_2021.10/bin/../lib/gcc/arm-none-eabi/10.3.1/../../../../arm-none-eabi/lib/thumb/v8-m.main+fp/hard\libc_nano.a(lib_a-init.o)
 .ARM.attributes
                0x00000bf2       0x38 d:/simplicity studio 5/developer/toolchains/gnu_arm/10.3_2021.10/bin/../lib/gcc/arm-none-eabi/10.3.1/../../../../arm-none-eabi/lib/thumb/v8-m.main+fp/hard\libc_nano.a(lib_a-memcpy-stub.o)
 .ARM.attributes
                0x00000c2a       0x38 d:/simplicity studio 5/developer/toolchains/gnu_arm/10.3_2021.10/bin/../lib/gcc/arm-none-eabi/10.3.1/../../../../arm-none-eabi/lib/thumb/v8-m.main+fp/hard\libc_nano.a(lib_a-memset.o)
 .ARM.attributes
                0x00000c62       0x38 d:/simplicity studio 5/developer/toolchains/gnu_arm/10.3_2021.10/bin/../lib/gcc/arm-none-eabi/10.3.1/../../../../arm-none-eabi/lib/thumb/v8-m.main+fp/hard\libc_nano.a(lib_a-setvbuf.o)
 .ARM.attributes
                0x00000c9a       0x38 d:/simplicity studio 5/developer/toolchains/gnu_arm/10.3_2021.10/bin/../lib/gcc/arm-none-eabi/10.3.1/../../../../arm-none-eabi/lib/thumb/v8-m.main+fp/hard\libc_nano.a(lib_a-fflush.o)
 .ARM.attributes
                0x00000cd2       0x38 d:/simplicity studio 5/developer/toolchains/gnu_arm/10.3_2021.10/bin/../lib/gcc/arm-none-eabi/10.3.1/../../../../arm-none-eabi/lib/thumb/v8-m.main+fp/hard\libc_nano.a(lib_a-findfp.o)
 .ARM.attributes
                0x00000d0a       0x38 d:/simplicity studio 5/developer/toolchains/gnu_arm/10.3_2021.10/bin/../lib/gcc/arm-none-eabi/10.3.1/../../../../arm-none-eabi/lib/thumb/v8-m.main+fp/hard\libc_nano.a(lib_a-fwalk.o)
 .ARM.attributes
                0x00000d42       0x38 d:/simplicity studio 5/developer/toolchains/gnu_arm/10.3_2021.10/bin/../lib/gcc/arm-none-eabi/10.3.1/../../../../arm-none-eabi/lib/thumb/v8-m.main+fp/hard\libc_nano.a(lib_a-lock.o)
 .ARM.attributes
                0x00000d7a       0x38 d:/simplicity studio 5/developer/toolchains/gnu_arm/10.3_2021.10/bin/../lib/gcc/arm-none-eabi/10.3.1/../../../../arm-none-eabi/lib/thumb/v8-m.main+fp/hard\libc_nano.a(lib_a-makebuf.o)
 .ARM.attributes
                0x00000db2       0x38 d:/simplicity studio 5/developer/toolchains/gnu_arm/10.3_2021.10/bin/../lib/gcc/arm-none-eabi/10.3.1/../../../../arm-none-eabi/lib/thumb/v8-m.main+fp/hard\libc_nano.a(lib_a-malloc.o)
 .ARM.attributes
                0x00000dea       0x38 d:/simplicity studio 5/developer/toolchains/gnu_arm/10.3_2021.10/bin/../lib/gcc/arm-none-eabi/10.3.1/../../../../arm-none-eabi/lib/thumb/v8-m.main+fp/hard\libc_nano.a(lib_a-nano-freer.o)
 .ARM.attributes
                0x00000e22       0x38 d:/simplicity studio 5/developer/toolchains/gnu_arm/10.3_2021.10/bin/../lib/gcc/arm-none-eabi/10.3.1/../../../../arm-none-eabi/lib/thumb/v8-m.main+fp/hard\libc_nano.a(lib_a-nano-mallocr.o)
 .ARM.attributes
                0x00000e5a       0x38 d:/simplicity studio 5/developer/toolchains/gnu_arm/10.3_2021.10/bin/../lib/gcc/arm-none-eabi/10.3.1/../../../../arm-none-eabi/lib/thumb/v8-m.main+fp/hard\libc_nano.a(lib_a-sbrkr.o)
 .ARM.attributes
                0x00000e92       0x38 d:/simplicity studio 5/developer/toolchains/gnu_arm/10.3_2021.10/bin/../lib/gcc/arm-none-eabi/10.3.1/../../../../arm-none-eabi/lib/thumb/v8-m.main+fp/hard\libc_nano.a(lib_a-stdio.o)
 .ARM.attributes
                0x00000eca       0x38 d:/simplicity studio 5/developer/toolchains/gnu_arm/10.3_2021.10/bin/../lib/gcc/arm-none-eabi/10.3.1/../../../../arm-none-eabi/lib/thumb/v8-m.main+fp/hard\libc_nano.a(lib_a-writer.o)
 .ARM.attributes
                0x00000f02       0x38 d:/simplicity studio 5/developer/toolchains/gnu_arm/10.3_2021.10/bin/../lib/gcc/arm-none-eabi/10.3.1/../../../../arm-none-eabi/lib/thumb/v8-m.main+fp/hard\libc_nano.a(lib_a-closer.o)
 .ARM.attributes
                0x00000f3a       0x38 d:/simplicity studio 5/developer/toolchains/gnu_arm/10.3_2021.10/bin/../lib/gcc/arm-none-eabi/10.3.1/../../../../arm-none-eabi/lib/thumb/v8-m.main+fp/hard\libc_nano.a(lib_a-fstatr.o)
 .ARM.attributes
                0x00000f72       0x38 d:/simplicity studio 5/developer/toolchains/gnu_arm/10.3_2021.10/bin/../lib/gcc/arm-none-eabi/10.3.1/../../../../arm-none-eabi/lib/thumb/v8-m.main+fp/hard\libc_nano.a(lib_a-lseekr.o)
 .ARM.attributes
                0x00000faa       0x38 d:/simplicity studio 5/developer/toolchains/gnu_arm/10.3_2021.10/bin/../lib/gcc/arm-none-eabi/10.3.1/../../../../arm-none-eabi/lib/thumb/v8-m.main+fp/hard\libc_nano.a(lib_a-mlock.o)
 .ARM.attributes
                0x00000fe2       0x38 d:/simplicity studio 5/developer/toolchains/gnu_arm/10.3_2021.10/bin/../lib/gcc/arm-none-eabi/10.3.1/../../../../arm-none-eabi/lib/thumb/v8-m.main+fp/hard\libc_nano.a(lib_a-readr.o)
 .ARM.attributes
                0x0000101a       0x38 d:/simplicity studio 5/developer/toolchains/gnu_arm/10.3_2021.10/bin/../lib/gcc/arm-none-eabi/10.3.1/../../../../arm-none-eabi/lib/thumb/v8-m.main+fp/hard\libc_nano.a(lib_a-reent.o)
 .ARM.attributes
                0x00001052       0x22 d:/simplicity studio 5/developer/toolchains/gnu_arm/10.3_2021.10/bin/../lib/gcc/arm-none-eabi/10.3.1/thumb/v8-m.main+fp/hard/crtn.o

.comment        0x00000000       0x49
 .comment       0x00000000       0x49 ./AHT20.o
                                 0x4a (size before relaxing)
 .comment       0x00000049       0x4a ./app.o
 .comment       0x00000049       0x4a ./main.o
 .comment       0x00000049       0x4a ./autogen/sl_board_default_init.o
 .comment       0x00000049       0x4a ./autogen/sl_device_init_clocks.o
 .comment       0x00000049       0x4a ./autogen/sl_emlib_gpio_simple_init.o
 .comment       0x00000049       0x4a ./autogen/sl_event_handler.o
 .comment       0x00000049       0x4a ./autogen/sl_i2cspm_init.o
 .comment       0x00000049       0x4a ./gecko_sdk_4.3.0/app/common/util/app_log/app_log.o
 .comment       0x00000049       0x4a ./gecko_sdk_4.3.0/hardware/board/src/sl_board_control_gpio.o
 .comment       0x00000049       0x4a ./gecko_sdk_4.3.0/hardware/board/src/sl_board_init.o
 .comment       0x00000049       0x4a ./gecko_sdk_4.3.0/platform/Device/SiliconLabs/BGM22/Source/startup_bgm22.o
 .comment       0x00000049       0x4a ./gecko_sdk_4.3.0/platform/Device/SiliconLabs/BGM22/Source/system_bgm22.o
 .comment       0x00000049       0x4a ./gecko_sdk_4.3.0/platform/common/src/sl_assert.o
 .comment       0x00000049       0x4a ./gecko_sdk_4.3.0/platform/common/toolchain/src/sl_memory.o
 .comment       0x00000049       0x4a ./gecko_sdk_4.3.0/platform/driver/debug/src/sl_debug_swo.o
 .comment       0x00000049       0x4a ./gecko_sdk_4.3.0/platform/driver/i2cspm/src/sl_i2cspm.o
 .comment       0x00000049       0x4a ./gecko_sdk_4.3.0/platform/emlib/src/em_cmu.o
 .comment       0x00000049       0x4a ./gecko_sdk_4.3.0/platform/emlib/src/em_core.o
 .comment       0x00000049       0x4a ./gecko_sdk_4.3.0/platform/emlib/src/em_emu.o
 .comment       0x00000049       0x4a ./gecko_sdk_4.3.0/platform/emlib/src/em_gpio.o
 .comment       0x00000049       0x4a ./gecko_sdk_4.3.0/platform/emlib/src/em_i2c.o
 .comment       0x00000049       0x4a ./gecko_sdk_4.3.0/platform/emlib/src/em_rtcc.o
 .comment       0x00000049       0x4a ./gecko_sdk_4.3.0/platform/emlib/src/em_system.o
 .comment       0x00000049       0x4a ./gecko_sdk_4.3.0/platform/service/device_init/src/sl_device_init_dcdc_s2.o
 .comment       0x00000049       0x4a ./gecko_sdk_4.3.0/platform/service/device_init/src/sl_device_init_emu_s2.o
 .comment       0x00000049       0x4a ./gecko_sdk_4.3.0/platform/service/device_init/src/sl_device_init_hfxo_s2.o
 .comment       0x00000049       0x4a ./gecko_sdk_4.3.0/platform/service/device_init/src/sl_device_init_lfxo_s2.o
 .comment       0x00000049       0x4a ./gecko_sdk_4.3.0/platform/service/device_init/src/sl_device_init_nvic.o
 .comment       0x00000049       0x4a ./gecko_sdk_4.3.0/platform/service/iostream/src/sl_iostream.o
 .comment       0x00000049       0x4a ./gecko_sdk_4.3.0/platform/service/iostream/src/sl_iostream_retarget_stdio.o
 .comment       0x00000049       0x4a ./gecko_sdk_4.3.0/platform/service/iostream/src/sl_iostream_rtt.o
 .comment       0x00000049       0x4a ./gecko_sdk_4.3.0/platform/service/iostream/src/sl_iostream_stdlib_config.o
 .comment       0x00000049       0x4a ./gecko_sdk_4.3.0/platform/service/iostream/src/sl_iostream_swo.o
 .comment       0x00000049       0x4a ./gecko_sdk_4.3.0/platform/service/sleeptimer/src/sl_sleeptimer.o
 .comment       0x00000049       0x4a ./gecko_sdk_4.3.0/platform/service/sleeptimer/src/sl_sleeptimer_hal_rtcc.o
 .comment       0x00000049       0x4a ./gecko_sdk_4.3.0/platform/service/system/src/sl_system_init.o
 .comment       0x00000049       0x4a ./gecko_sdk_4.3.0/platform/service/system/src/sl_system_process_action.o
 .comment       0x00000049       0x4a ./gecko_sdk_4.3.0/platform/service/udelay/src/sl_udelay.o
 .comment       0x00000049       0x4a ./gecko_sdk_4.3.0/util/third_party/printf/printf.o
 .comment       0x00000049       0x4a ./gecko_sdk_4.3.0/util/third_party/printf/src/iostream_printf.o
 .comment       0x00000049       0x4a ./gecko_sdk_4.3.0/util/third_party/segger/systemview/SEGGER/SEGGER_RTT.o

.debug_info     0x00000000    0x29e4e
 .debug_info    0x00000000     0x1c68 ./AHT20.o
 .debug_info    0x00001c68      0x176 ./app.o
 .debug_info    0x00001dde       0xfa ./main.o
 .debug_info    0x00001ed8       0x86 ./autogen/sl_board_default_init.o
 .debug_info    0x00001f5e     0x11f5 ./autogen/sl_device_init_clocks.o
 .debug_info    0x00003153      0x34d ./autogen/sl_emlib_gpio_simple_init.o
 .debug_info    0x000034a0      0xf86 ./autogen/sl_event_handler.o
 .debug_info    0x00004426      0x84d ./autogen/sl_i2cspm_init.o
 .debug_info    0x00004c73      0x628 ./gecko_sdk_4.3.0/app/common/util/app_log/app_log.o
 .debug_info    0x0000529b      0x3a1 ./gecko_sdk_4.3.0/hardware/board/src/sl_board_control_gpio.o
 .debug_info    0x0000563c      0x284 ./gecko_sdk_4.3.0/hardware/board/src/sl_board_init.o
 .debug_info    0x000058c0      0x327 ./gecko_sdk_4.3.0/platform/Device/SiliconLabs/BGM22/Source/startup_bgm22.o
 .debug_info    0x00005be7     0x1fc0 ./gecko_sdk_4.3.0/platform/Device/SiliconLabs/BGM22/Source/system_bgm22.o
 .debug_info    0x00007ba7       0x86 ./gecko_sdk_4.3.0/platform/common/src/sl_assert.o
 .debug_info    0x00007c2d      0x205 ./gecko_sdk_4.3.0/platform/common/toolchain/src/sl_memory.o
 .debug_info    0x00007e32     0x20ce ./gecko_sdk_4.3.0/platform/driver/debug/src/sl_debug_swo.o
 .debug_info    0x00009f00     0x1d4b ./gecko_sdk_4.3.0/platform/driver/i2cspm/src/sl_i2cspm.o
 .debug_info    0x0000bc4b     0x783f ./gecko_sdk_4.3.0/platform/emlib/src/em_cmu.o
 .debug_info    0x0001348a     0x1398 ./gecko_sdk_4.3.0/platform/emlib/src/em_core.o
 .debug_info    0x00014822     0x3afc ./gecko_sdk_4.3.0/platform/emlib/src/em_emu.o
 .debug_info    0x0001831e     0x2182 ./gecko_sdk_4.3.0/platform/emlib/src/em_gpio.o
 .debug_info    0x0001a4a0     0x1368 ./gecko_sdk_4.3.0/platform/emlib/src/em_i2c.o
 .debug_info    0x0001b808     0x1f14 ./gecko_sdk_4.3.0/platform/emlib/src/em_rtcc.o
 .debug_info    0x0001d71c     0x1b6a ./gecko_sdk_4.3.0/platform/emlib/src/em_system.o
 .debug_info    0x0001f286      0x2b5 ./gecko_sdk_4.3.0/platform/service/device_init/src/sl_device_init_dcdc_s2.o
 .debug_info    0x0001f53b      0x9a7 ./gecko_sdk_4.3.0/platform/service/device_init/src/sl_device_init_emu_s2.o
 .debug_info    0x0001fee2      0x864 ./gecko_sdk_4.3.0/platform/service/device_init/src/sl_device_init_hfxo_s2.o
 .debug_info    0x00020746      0x271 ./gecko_sdk_4.3.0/platform/service/device_init/src/sl_device_init_lfxo_s2.o
 .debug_info    0x000209b7      0x807 ./gecko_sdk_4.3.0/platform/service/device_init/src/sl_device_init_nvic.o
 .debug_info    0x000211be      0x60d ./gecko_sdk_4.3.0/platform/service/iostream/src/sl_iostream.o
 .debug_info    0x000217cb      0x5b7 ./gecko_sdk_4.3.0/platform/service/iostream/src/sl_iostream_retarget_stdio.o
 .debug_info    0x00021d82      0x463 ./gecko_sdk_4.3.0/platform/service/iostream/src/sl_iostream_rtt.o
 .debug_info    0x000221e5      0x895 ./gecko_sdk_4.3.0/platform/service/iostream/src/sl_iostream_stdlib_config.o
 .debug_info    0x00022a7a      0x3e0 ./gecko_sdk_4.3.0/platform/service/iostream/src/sl_iostream_swo.o
 .debug_info    0x00022e5a     0x196c ./gecko_sdk_4.3.0/platform/service/sleeptimer/src/sl_sleeptimer.o
 .debug_info    0x000247c6     0x1596 ./gecko_sdk_4.3.0/platform/service/sleeptimer/src/sl_sleeptimer_hal_rtcc.o
 .debug_info    0x00025d5c       0xba ./gecko_sdk_4.3.0/platform/service/system/src/sl_system_init.o
 .debug_info    0x00025e16       0xa3 ./gecko_sdk_4.3.0/platform/service/system/src/sl_system_process_action.o
 .debug_info    0x00025eb9      0x180 ./gecko_sdk_4.3.0/platform/service/udelay/src/sl_udelay.o
 .debug_info    0x00026039       0x26 ./gecko_sdk_4.3.0/platform/service/udelay/src/sl_udelay_armv6m_gcc.o
 .debug_info    0x0002605f     0x1b6d ./gecko_sdk_4.3.0/util/third_party/printf/printf.o
 .debug_info    0x00027bcc      0x2d2 ./gecko_sdk_4.3.0/util/third_party/printf/src/iostream_printf.o
 .debug_info    0x00027e9e     0x1fb0 ./gecko_sdk_4.3.0/util/third_party/segger/systemview/SEGGER/SEGGER_RTT.o

.debug_abbrev   0x00000000     0x54f1
 .debug_abbrev  0x00000000      0x286 ./AHT20.o
 .debug_abbrev  0x00000286       0xd2 ./app.o
 .debug_abbrev  0x00000358       0x69 ./main.o
 .debug_abbrev  0x000003c1       0x46 ./autogen/sl_board_default_init.o
 .debug_abbrev  0x00000407       0xe1 ./autogen/sl_device_init_clocks.o
 .debug_abbrev  0x000004e8       0xaa ./autogen/sl_emlib_gpio_simple_init.o
 .debug_abbrev  0x00000592      0x186 ./autogen/sl_event_handler.o
 .debug_abbrev  0x00000718      0x16b ./autogen/sl_i2cspm_init.o
 .debug_abbrev  0x00000883      0x2af ./gecko_sdk_4.3.0/app/common/util/app_log/app_log.o
 .debug_abbrev  0x00000b32      0x16d ./gecko_sdk_4.3.0/hardware/board/src/sl_board_control_gpio.o
 .debug_abbrev  0x00000c9f       0xe8 ./gecko_sdk_4.3.0/hardware/board/src/sl_board_init.o
 .debug_abbrev  0x00000d87      0x1c9 ./gecko_sdk_4.3.0/platform/Device/SiliconLabs/BGM22/Source/startup_bgm22.o
 .debug_abbrev  0x00000f50      0x325 ./gecko_sdk_4.3.0/platform/Device/SiliconLabs/BGM22/Source/system_bgm22.o
 .debug_abbrev  0x00001275       0x6c ./gecko_sdk_4.3.0/platform/common/src/sl_assert.o
 .debug_abbrev  0x000012e1      0x11e ./gecko_sdk_4.3.0/platform/common/toolchain/src/sl_memory.o
 .debug_abbrev  0x000013ff      0x2c2 ./gecko_sdk_4.3.0/platform/driver/debug/src/sl_debug_swo.o
 .debug_abbrev  0x000016c1      0x27a ./gecko_sdk_4.3.0/platform/driver/i2cspm/src/sl_i2cspm.o
 .debug_abbrev  0x0000193b      0x58c ./gecko_sdk_4.3.0/platform/emlib/src/em_cmu.o
 .debug_abbrev  0x00001ec7      0x329 ./gecko_sdk_4.3.0/platform/emlib/src/em_core.o